<?xml version="1.0" encoding="utf-8"?>
<TestRun id="6d6b8ef2-703d-4b84-be14-5da8b097ccd3" name="migue@DESKTOP-FVHUSAV 2025-11-11 21:40:10" runUser="DESKTOP-FVHUSAV\migue" xmlns="http://microsoft.com/schemas/VisualStudio/TeamTest/2010">
  <Times creation="2025-11-11T21:40:10.2615404+00:00" queuing="2025-11-11T21:40:10.2615408+00:00" start="2025-11-11T21:40:06.0172342+00:00" finish="2025-11-11T21:40:10.3203293+00:00" />
  <TestSettings name="default" id="1f8f4ea3-8413-4eb5-9073-2c4d74d6f0ac">
    <Deployment runDeploymentRoot="migue_DESKTOP-FVHUSAV_2025-11-11_21_40_10" />
  </TestSettings>
  <Results>
    <UnitTestResult executionId="d35dcac8-d6f1-43c6-98ca-8a1bda05f5a7" testId="7eae650c-822f-265d-ea97-73a9efb203f3" testName="Domain.Tests.ShippingAgentTypeTests.Constructor_RejectsNullOrEmpty" computerName="DESKTOP-FVHUSAV" duration="00:00:00.0002843" startTime="2025-11-11T21:40:10.2472620+00:00" endTime="2025-11-11T21:40:10.2472621+00:00" testType="13cdc9d9-ddb5-4fa4-a97d-d965ccfc6d4b" outcome="Passed" testListId="8c84fa94-04c1-424b-9868-57a2d4851a1d" relativeResultsDirectory="d35dcac8-d6f1-43c6-98ca-8a1bda05f5a7" />
    <UnitTestResult executionId="113cddad-13a5-453a-a382-cbec6ef06aff" testId="a7176afd-5c2b-34b2-97a2-6b03f1ac5c0a" testName="Domain.Tests.Tests.VesselMapperTests.IsValidImo_Works(imo: &quot;abcdefg&quot;, expected: False)" computerName="DESKTOP-FVHUSAV" duration="00:00:00.0000378" startTime="2025-11-11T21:40:10.2520398+00:00" endTime="2025-11-11T21:40:10.2520398+00:00" testType="13cdc9d9-ddb5-4fa4-a97d-d965ccfc6d4b" outcome="Passed" testListId="8c84fa94-04c1-424b-9868-57a2d4851a1d" relativeResultsDirectory="113cddad-13a5-453a-a382-cbec6ef06aff" />
    <UnitTestResult executionId="9b16d999-d38f-4894-994e-304f18ce0168" testId="498a8c61-e9dc-a366-c57d-f8bfff28a463" testName="Domain.Tests.VesselTypeTests.Update_Works" computerName="DESKTOP-FVHUSAV" duration="00:00:00.0001085" startTime="2025-11-11T21:40:10.2478487+00:00" endTime="2025-11-11T21:40:10.2478487+00:00" testType="13cdc9d9-ddb5-4fa4-a97d-d965ccfc6d4b" outcome="Passed" testListId="8c84fa94-04c1-424b-9868-57a2d4851a1d" relativeResultsDirectory="9b16d999-d38f-4894-994e-304f18ce0168" />
    <UnitTestResult executionId="9b0e23e8-b26e-4af1-bf41-729cde11054d" testId="3b569bf1-19d1-2199-383f-674822675fa9" testName="Domain.Tests.ContainerAndCrewTests.ContainerItem_RoundtripProperties" computerName="DESKTOP-FVHUSAV" duration="00:00:00.0002283" startTime="2025-11-11T21:40:10.2481634+00:00" endTime="2025-11-11T21:40:10.2481634+00:00" testType="13cdc9d9-ddb5-4fa4-a97d-d965ccfc6d4b" outcome="Passed" testListId="8c84fa94-04c1-424b-9868-57a2d4851a1d" relativeResultsDirectory="9b0e23e8-b26e-4af1-bf41-729cde11054d" />
    <UnitTestResult executionId="b7f67fa2-2946-4e07-ab4b-a18b0ac4f7a2" testId="140e48d2-a0bd-fdce-22df-7e304e4d1d6a" testName="Domain.Tests.ShippingAgentTypeTests.Constructor_RejectsInvalidValue" computerName="DESKTOP-FVHUSAV" duration="00:00:00.0024213" startTime="2025-11-11T21:40:10.2280505+00:00" endTime="2025-11-11T21:40:10.2280710+00:00" testType="13cdc9d9-ddb5-4fa4-a97d-d965ccfc6d4b" outcome="Passed" testListId="8c84fa94-04c1-424b-9868-57a2d4851a1d" relativeResultsDirectory="b7f67fa2-2946-4e07-ab4b-a18b0ac4f7a2" />
    <UnitTestResult executionId="ccb323b3-11a4-4d7a-8064-cdbe2906c42f" testId="542c7be5-762d-8e57-382f-c91ec9d13e42" testName="Domain.Tests.Tests.VesselMapperTests.IsValidImo_Works(imo: &quot;IMO 1234567&quot;, expected: True)" computerName="DESKTOP-FVHUSAV" duration="00:00:00.0034216" startTime="2025-11-11T21:40:10.2310572+00:00" endTime="2025-11-11T21:40:10.2310573+00:00" testType="13cdc9d9-ddb5-4fa4-a97d-d965ccfc6d4b" outcome="Passed" testListId="8c84fa94-04c1-424b-9868-57a2d4851a1d" relativeResultsDirectory="ccb323b3-11a4-4d7a-8064-cdbe2906c42f" />
    <UnitTestResult executionId="92f3e74e-0fc1-43df-866a-7ef04a6a139c" testId="17eec70a-3791-c993-6d2e-0ddd67d745f0" testName="Domain.Tests.VesselTypeTests.Update_InvalidArguments_Throws" computerName="DESKTOP-FVHUSAV" duration="00:00:00.0014076" startTime="2025-11-11T21:40:10.2473301+00:00" endTime="2025-11-11T21:40:10.2473301+00:00" testType="13cdc9d9-ddb5-4fa4-a97d-d965ccfc6d4b" outcome="Passed" testListId="8c84fa94-04c1-424b-9868-57a2d4851a1d" relativeResultsDirectory="92f3e74e-0fc1-43df-866a-7ef04a6a139c" />
    <UnitTestResult executionId="365d6967-a8bc-43d3-8d9e-951bab5f6024" testId="1386ff9b-77c6-21ae-c498-5d17efa6e825" testName="Domain.Tests.VesselsTests.OperationalConstraints_CreateAndValidation" computerName="DESKTOP-FVHUSAV" duration="00:00:00.0017110" startTime="2025-11-11T21:40:10.2473539+00:00" endTime="2025-11-11T21:40:10.2473539+00:00" testType="13cdc9d9-ddb5-4fa4-a97d-d965ccfc6d4b" outcome="Passed" testListId="8c84fa94-04c1-424b-9868-57a2d4851a1d" relativeResultsDirectory="365d6967-a8bc-43d3-8d9e-951bab5f6024" />
    <UnitTestResult executionId="f4c9047d-8639-476b-88a0-542da07e47a5" testId="52ca4204-2985-701a-d677-d633f724ddd6" testName="Domain.Tests.VesselsTests.Vessel_CanSetProperties" computerName="DESKTOP-FVHUSAV" duration="00:00:00.0029719" startTime="2025-11-11T21:40:10.2311369+00:00" endTime="2025-11-11T21:40:10.2311370+00:00" testType="13cdc9d9-ddb5-4fa4-a97d-d965ccfc6d4b" outcome="Passed" testListId="8c84fa94-04c1-424b-9868-57a2d4851a1d" relativeResultsDirectory="f4c9047d-8639-476b-88a0-542da07e47a5" />
    <UnitTestResult executionId="ddd9feea-c580-4c14-9b4d-9ef70a5266b1" testId="53f783e0-6618-b324-11e3-662375fb1b64" testName="Domain.Tests.Tests.VesselMapperTests.IsValidImo_Works(imo: &quot;1234560&quot;, expected: False)" computerName="DESKTOP-FVHUSAV" duration="00:00:00.0025551" startTime="2025-11-11T21:40:10.2519009+00:00" endTime="2025-11-11T21:40:10.2519012+00:00" testType="13cdc9d9-ddb5-4fa4-a97d-d965ccfc6d4b" outcome="Failed" testListId="8c84fa94-04c1-424b-9868-57a2d4851a1d" relativeResultsDirectory="ddd9feea-c580-4c14-9b4d-9ef70a5266b1">
      <Output>
        <ErrorInfo>
          <Message>Assert.Equal() Failure&#xD;
Expected: False&#xD;
Actual:   True</Message>
          <StackTrace>   at Domain.Tests.Tests.VesselMapperTests.IsValidImo_Works(String imo, Boolean expected) in C:\Users\migue\Documents\LEI-SEM5-PI-2025-26-3DM-03\testes\Domain.Tests\Tests\VesselMapperTests.cs:line 20&#xD;
   at InvokeStub_VesselMapperTests.IsValidImo_Works(Object, Span`1)&#xD;
   at System.Reflection.MethodBaseInvoker.InvokeWithFewArgs(Object obj, BindingFlags invokeAttr, Binder binder, Object[] parameters, CultureInfo culture)</StackTrace>
        </ErrorInfo>
      </Output>
    </UnitTestResult>
    <UnitTestResult executionId="472d2d97-348e-4262-a61c-51ea6d298cfc" testId="e44f283e-25ec-0695-5474-17f305ae7e11" testName="Domain.Tests.Tests.VesselMapperTests.IsValidImo_HandlesNullAndWhitespace(imo: &quot;   &quot;, expected: False)" computerName="DESKTOP-FVHUSAV" duration="00:00:00.0001416" startTime="2025-11-11T21:40:10.2524463+00:00" endTime="2025-11-11T21:40:10.2524464+00:00" testType="13cdc9d9-ddb5-4fa4-a97d-d965ccfc6d4b" outcome="Passed" testListId="8c84fa94-04c1-424b-9868-57a2d4851a1d" relativeResultsDirectory="472d2d97-348e-4262-a61c-51ea6d298cfc" />
    <UnitTestResult executionId="5f93ef5c-8741-44c7-9acf-dac5e01028ca" testId="7e7a25a5-abf0-4a05-9948-a34690fa3776" testName="Domain.Tests.StaffTests.StaffMember_UpdateContactData_Succeeds" computerName="DESKTOP-FVHUSAV" duration="00:00:00.0007655" startTime="2025-11-11T21:40:10.2465861+00:00" endTime="2025-11-11T21:40:10.2465862+00:00" testType="13cdc9d9-ddb5-4fa4-a97d-d965ccfc6d4b" outcome="Passed" testListId="8c84fa94-04c1-424b-9868-57a2d4851a1d" relativeResultsDirectory="5f93ef5c-8741-44c7-9acf-dac5e01028ca" />
    <UnitTestResult executionId="3321411d-4d17-4295-be25-6a01cd13725d" testId="5298d510-1bd4-1afd-98fb-39e53c5c1b48" testName="TodoApi.Domain.Tests.Models.Staff.StaffQualificationTests.Default_Qualification_Has_DefaultValues" computerName="DESKTOP-FVHUSAV" duration="00:00:00.0000924" startTime="2025-11-11T21:40:10.2454831+00:00" endTime="2025-11-11T21:40:10.2454831+00:00" testType="13cdc9d9-ddb5-4fa4-a97d-d965ccfc6d4b" outcome="Passed" testListId="8c84fa94-04c1-424b-9868-57a2d4851a1d" relativeResultsDirectory="3321411d-4d17-4295-be25-6a01cd13725d" />
    <UnitTestResult executionId="e5448f79-1249-44cd-af2a-46258ab7f558" testId="c2629a74-6a33-8d07-56aa-f6f08af061da" testName="Domain.Tests.Tests.VesselMapperTests.IsValidImo_HandlesNullAndWhitespace(imo: null, expected: False)" computerName="DESKTOP-FVHUSAV" duration="00:00:00.0000600" startTime="2025-11-11T21:40:10.2524200+00:00" endTime="2025-11-11T21:40:10.2524200+00:00" testType="13cdc9d9-ddb5-4fa4-a97d-d965ccfc6d4b" outcome="Passed" testListId="8c84fa94-04c1-424b-9868-57a2d4851a1d" relativeResultsDirectory="e5448f79-1249-44cd-af2a-46258ab7f558" />
    <UnitTestResult executionId="53cf437b-95d7-4121-9574-e6847a7a0986" testId="67991d5f-efa7-dc80-0893-fcef50eabd13" testName="TodoApi.Domain.Tests.US226.RepresentativeManagementTests_US226.UpdateRepresentative_ContactData_WhileAssociatedToAgent_Succeeds" computerName="DESKTOP-FVHUSAV" duration="00:00:00.0006699" startTime="2025-11-11T21:40:10.2482115+00:00" endTime="2025-11-11T21:40:10.2482116+00:00" testType="13cdc9d9-ddb5-4fa4-a97d-d965ccfc6d4b" outcome="Passed" testListId="8c84fa94-04c1-424b-9868-57a2d4851a1d" relativeResultsDirectory="53cf437b-95d7-4121-9574-e6847a7a0986" />
    <UnitTestResult executionId="2abe304d-10e0-476e-a048-68b7daae6f07" testId="701cfa00-0ba7-6c95-874f-2ea29af810fe" testName="TodoApi.Domain.Tests.Models.Staff.OperationalWindowTests.StartTime_MustBeBefore_EndTime" computerName="DESKTOP-FVHUSAV" duration="00:00:00.0024001" startTime="2025-11-11T21:40:10.2310124+00:00" endTime="2025-11-11T21:40:10.2310134+00:00" testType="13cdc9d9-ddb5-4fa4-a97d-d965ccfc6d4b" outcome="Passed" testListId="8c84fa94-04c1-424b-9868-57a2d4851a1d" relativeResultsDirectory="2abe304d-10e0-476e-a048-68b7daae6f07" />
    <UnitTestResult executionId="f7ccb839-c462-4052-9188-648655fa8340" testId="80e3dcae-1220-9328-f9bb-9f7f05781a58" testName="Domain.Tests.ResourcesTests.Resource_AllProperties_ReadWrite" computerName="DESKTOP-FVHUSAV" duration="00:00:00.0037146" startTime="2025-11-11T21:40:10.2482259+00:00" endTime="2025-11-11T21:40:10.2482260+00:00" testType="13cdc9d9-ddb5-4fa4-a97d-d965ccfc6d4b" outcome="Passed" testListId="8c84fa94-04c1-424b-9868-57a2d4851a1d" relativeResultsDirectory="f7ccb839-c462-4052-9188-648655fa8340" />
    <UnitTestResult executionId="e5bf5705-1b1c-4a96-80a1-3709d23c325b" testId="707845d9-dbf7-a4e5-bfef-02d8870f47ae" testName="TodoApi.Domain.Tests.Models.Staff.StaffQualificationTests.StaffMember_CanAdd_Qualifications" computerName="DESKTOP-FVHUSAV" duration="00:00:00.0035627" startTime="2025-11-11T21:40:10.2311464+00:00" endTime="2025-11-11T21:40:10.2311465+00:00" testType="13cdc9d9-ddb5-4fa4-a97d-d965ccfc6d4b" outcome="Passed" testListId="8c84fa94-04c1-424b-9868-57a2d4851a1d" relativeResultsDirectory="e5bf5705-1b1c-4a96-80a1-3709d23c325b" />
    <UnitTestResult executionId="dbdcd1a5-e9eb-428a-ba72-c0fb1067fa55" testId="fa97ab58-69a3-7d9f-edd6-c1e66d96120c" testName="Domain.Tests.Tests.VesselMapperTests.IsValidImo_HandlesNullAndWhitespace(imo: &quot;&quot;, expected: False)" computerName="DESKTOP-FVHUSAV" duration="00:00:00.0000048" startTime="2025-11-11T21:40:10.2524674+00:00" endTime="2025-11-11T21:40:10.2524674+00:00" testType="13cdc9d9-ddb5-4fa4-a97d-d965ccfc6d4b" outcome="Passed" testListId="8c84fa94-04c1-424b-9868-57a2d4851a1d" relativeResultsDirectory="dbdcd1a5-e9eb-428a-ba72-c0fb1067fa55" />
    <UnitTestResult executionId="b6289757-4857-454c-9f09-5ea3885988dd" testId="44665ef2-9f23-4b7e-5bf8-5407059e4a6e" testName="Domain.Tests.ContainerAndCrewTests.CrewMember_RoundtripProperties" computerName="DESKTOP-FVHUSAV" duration="00:00:00.0002207" startTime="2025-11-11T21:40:10.2485951+00:00" endTime="2025-11-11T21:40:10.2485951+00:00" testType="13cdc9d9-ddb5-4fa4-a97d-d965ccfc6d4b" outcome="Passed" testListId="8c84fa94-04c1-424b-9868-57a2d4851a1d" relativeResultsDirectory="b6289757-4857-454c-9f09-5ea3885988dd" />
    <UnitTestResult executionId="887ad144-5595-42ac-a3b1-06200e6a35e1" testId="08f41fa4-29e7-2059-3955-71a79f091713" testName="TodoApi.Domain.Tests.US226.RepresentativeManagementTests_US226.DeactivateRepresentative_SetsIsActiveFalse_AndRemainsAssociated" computerName="DESKTOP-FVHUSAV" duration="00:00:00.0001292" startTime="2025-11-11T21:40:10.2485652+00:00" endTime="2025-11-11T21:40:10.2485653+00:00" testType="13cdc9d9-ddb5-4fa4-a97d-d965ccfc6d4b" outcome="Passed" testListId="8c84fa94-04c1-424b-9868-57a2d4851a1d" relativeResultsDirectory="887ad144-5595-42ac-a3b1-06200e6a35e1" />
    <UnitTestResult executionId="1e20a565-3ebb-4144-a55c-5a0b9ea0fb1c" testId="a0a99421-8a7e-75e1-f2b6-ea20018dd221" testName="Domain.Tests.DockDomainTests.Dock_Defaults_AreInitialized" computerName="DESKTOP-FVHUSAV" duration="00:00:00.0009399" startTime="2025-11-11T21:40:10.2464984+00:00" endTime="2025-11-11T21:40:10.2464984+00:00" testType="13cdc9d9-ddb5-4fa4-a97d-d965ccfc6d4b" outcome="Passed" testListId="8c84fa94-04c1-424b-9868-57a2d4851a1d" relativeResultsDirectory="1e20a565-3ebb-4144-a55c-5a0b9ea0fb1c" />
    <UnitTestResult executionId="e5b79b9f-a490-47bd-b490-373c0d12bb26" testId="96f0fbac-2688-894a-d36b-fda49efb7059" testName="Domain.Tests.ResourceQualificationTests.ResourceQualification_Roundtrip" computerName="DESKTOP-FVHUSAV" duration="00:00:00.0002775" startTime="2025-11-11T21:40:10.2455003+00:00" endTime="2025-11-11T21:40:10.2455004+00:00" testType="13cdc9d9-ddb5-4fa4-a97d-d965ccfc6d4b" outcome="Passed" testListId="8c84fa94-04c1-424b-9868-57a2d4851a1d" relativeResultsDirectory="e5b79b9f-a490-47bd-b490-373c0d12bb26" />
    <UnitTestResult executionId="3d5e1492-b02d-4c22-b97b-118d502c0fc1" testId="3b49b1fc-266f-bbf1-a4e4-210cc180a65d" testName="Domain.Tests.Tests.VesselMapperTests.IsValidImo_Works(imo: &quot;1234567&quot;, expected: True)" computerName="DESKTOP-FVHUSAV" duration="00:00:00.0000065" startTime="2025-11-11T21:40:10.2520641+00:00" endTime="2025-11-11T21:40:10.2520641+00:00" testType="13cdc9d9-ddb5-4fa4-a97d-d965ccfc6d4b" outcome="Passed" testListId="8c84fa94-04c1-424b-9868-57a2d4851a1d" relativeResultsDirectory="3d5e1492-b02d-4c22-b97b-118d502c0fc1" />
    <UnitTestResult executionId="90534203-8588-4184-9cf6-660b3359c58d" testId="c47e6e5c-e57e-15b5-aeec-04ac5af9d829" testName="Domain.Tests.VesselVisitNotificationTests.CargoAndCrewCollections_BehaveAsLists" computerName="DESKTOP-FVHUSAV" duration="00:00:00.0002636" startTime="2025-11-11T21:40:10.2473413+00:00" endTime="2025-11-11T21:40:10.2473414+00:00" testType="13cdc9d9-ddb5-4fa4-a97d-d965ccfc6d4b" outcome="Passed" testListId="8c84fa94-04c1-424b-9868-57a2d4851a1d" relativeResultsDirectory="90534203-8588-4184-9cf6-660b3359c58d" />
    <UnitTestResult executionId="007e57f5-380f-4e93-a0f1-31b7c41a3090" testId="adccb776-b343-b85d-7013-8ce4227a9c22" testName="Domain.Tests.StaffTests.OperationalWindow_StartBeforeEnd" computerName="DESKTOP-FVHUSAV" duration="00:00:00.0001386" startTime="2025-11-11T21:40:10.2477051+00:00" endTime="2025-11-11T21:40:10.2477052+00:00" testType="13cdc9d9-ddb5-4fa4-a97d-d965ccfc6d4b" outcome="Passed" testListId="8c84fa94-04c1-424b-9868-57a2d4851a1d" relativeResultsDirectory="007e57f5-380f-4e93-a0f1-31b7c41a3090" />
    <UnitTestResult executionId="8b74bcce-393f-4d5e-a1d0-29735a0aa090" testId="f5c7e055-32f7-d6ee-fe92-7786613e69fe" testName="TodoApi.Domain.Tests.US226.RepresentativeManagementTests_US226.Representative_ShouldBeAssociatedWithExactlyOneAgent_AtAnyTime" computerName="DESKTOP-FVHUSAV" duration="00:00:00.0005004" startTime="2025-11-11T21:40:10.2486286+00:00" endTime="2025-11-11T21:40:10.2486287+00:00" testType="13cdc9d9-ddb5-4fa4-a97d-d965ccfc6d4b" outcome="Passed" testListId="8c84fa94-04c1-424b-9868-57a2d4851a1d" relativeResultsDirectory="8b74bcce-393f-4d5e-a1d0-29735a0aa090" />
    <UnitTestResult executionId="9ebe8f41-a318-4437-bbbe-720ffb0ef1a3" testId="9c0d3837-f4c3-807a-6c6e-f558c2e97ba9" testName="Domain.Tests.StaffTests.StaffMember_CanAddAndRemoveQualifications" computerName="DESKTOP-FVHUSAV" duration="00:00:00.0035045" startTime="2025-11-11T21:40:10.2310329+00:00" endTime="2025-11-11T21:40:10.2310330+00:00" testType="13cdc9d9-ddb5-4fa4-a97d-d965ccfc6d4b" outcome="Passed" testListId="8c84fa94-04c1-424b-9868-57a2d4851a1d" relativeResultsDirectory="9ebe8f41-a318-4437-bbbe-720ffb0ef1a3" />
    <UnitTestResult executionId="a696ac4e-b56d-4fae-9a8e-47103dcecf23" testId="b1ccd14c-45dd-f700-a650-62c7da017789" testName="Domain.Tests.StorageAreaTests.StorageArea_SetPropsAndCollections" computerName="DESKTOP-FVHUSAV" duration="00:00:00.0018291" startTime="2025-11-11T21:40:10.2477551+00:00" endTime="2025-11-11T21:40:10.2477551+00:00" testType="13cdc9d9-ddb5-4fa4-a97d-d965ccfc6d4b" outcome="Passed" testListId="8c84fa94-04c1-424b-9868-57a2d4851a1d" relativeResultsDirectory="a696ac4e-b56d-4fae-9a8e-47103dcecf23" />
    <UnitTestResult executionId="bee5a5a3-d04c-4f7a-a3bb-445a7e4d5b35" testId="9ed3cc46-6859-77b2-1ec8-ae5fe416f0a7" testName="Domain.Tests.ShippingAgentTypeTests.OwnerAndOperator_ImplicitConversionAndEquality" computerName="DESKTOP-FVHUSAV" duration="00:00:00.0017295" startTime="2025-11-11T21:40:10.2467053+00:00" endTime="2025-11-11T21:40:10.2467054+00:00" testType="13cdc9d9-ddb5-4fa4-a97d-d965ccfc6d4b" outcome="Passed" testListId="8c84fa94-04c1-424b-9868-57a2d4851a1d" relativeResultsDirectory="bee5a5a3-d04c-4f7a-a3bb-445a7e4d5b35" />
    <UnitTestResult executionId="628a1e0f-9259-4ab4-85c6-7be0403cb067" testId="c88a0165-0ca8-b382-7305-9ac1fcb8c567" testName="Domain.Tests.StaffTests.StaffMember_Deactivate_SetsActiveFalse" computerName="DESKTOP-FVHUSAV" duration="00:00:00.0008219" startTime="2025-11-11T21:40:10.2476697+00:00" endTime="2025-11-11T21:40:10.2476698+00:00" testType="13cdc9d9-ddb5-4fa4-a97d-d965ccfc6d4b" outcome="Passed" testListId="8c84fa94-04c1-424b-9868-57a2d4851a1d" relativeResultsDirectory="628a1e0f-9259-4ab4-85c6-7be0403cb067" />
    <UnitTestResult executionId="2c0a108c-ac2c-41aa-b1a0-8f3a7d1d9372" testId="d96fa0a0-a534-e3f2-64a5-aa2c8320b290" testName="Domain.Tests.ResourceQualificationTests.ResourceQualification_IdAndCode_ReadWrite" computerName="DESKTOP-FVHUSAV" duration="00:00:00.0031102" startTime="2025-11-11T21:40:10.2311557+00:00" endTime="2025-11-11T21:40:10.2311558+00:00" testType="13cdc9d9-ddb5-4fa4-a97d-d965ccfc6d4b" outcome="Passed" testListId="8c84fa94-04c1-424b-9868-57a2d4851a1d" relativeResultsDirectory="2c0a108c-ac2c-41aa-b1a0-8f3a7d1d9372" />
    <UnitTestResult executionId="edb256fb-bba9-40ec-a8ca-db9595a7852c" testId="d6504d2b-7d71-50c0-02a7-ee14d1f2321b" testName="Domain.Tests.QualificationTests.Qualification_Constructors_Work" computerName="DESKTOP-FVHUSAV" duration="00:00:00.0002920" startTime="2025-11-11T21:40:10.2478799+00:00" endTime="2025-11-11T21:40:10.2478799+00:00" testType="13cdc9d9-ddb5-4fa4-a97d-d965ccfc6d4b" outcome="Passed" testListId="8c84fa94-04c1-424b-9868-57a2d4851a1d" relativeResultsDirectory="edb256fb-bba9-40ec-a8ca-db9595a7852c" />
    <UnitTestResult executionId="08651867-3d17-4be4-8d6f-b9b00d1777ae" testId="f5b08128-5bd5-737b-c661-2a2ece1c3e30" testName="TodoApi.Domain.Tests.Models.ShippingOrganizations.ShippingAgentTests.ParameterizedConstructor_AssignsAllProperties" computerName="DESKTOP-FVHUSAV" duration="00:00:00.0007910" startTime="2025-11-11T21:40:10.2482790+00:00" endTime="2025-11-11T21:40:10.2482791+00:00" testType="13cdc9d9-ddb5-4fa4-a97d-d965ccfc6d4b" outcome="Passed" testListId="8c84fa94-04c1-424b-9868-57a2d4851a1d" relativeResultsDirectory="08651867-3d17-4be4-8d6f-b9b00d1777ae" />
    <UnitTestResult executionId="904eb111-775a-4391-b3d2-7c1bad7bf58e" testId="7a17744c-c123-f147-3c7b-22afd385eeda" testName="Domain.Tests.VesselVisitNotificationTests.VesselVisitNotification_Defaults_And_PropertySetters" computerName="DESKTOP-FVHUSAV" duration="00:00:00.0073595" startTime="2025-11-11T21:40:10.2471653+00:00" endTime="2025-11-11T21:40:10.2471653+00:00" testType="13cdc9d9-ddb5-4fa4-a97d-d965ccfc6d4b" outcome="Passed" testListId="8c84fa94-04c1-424b-9868-57a2d4851a1d" relativeResultsDirectory="904eb111-775a-4391-b3d2-7c1bad7bf58e" />
    <UnitTestResult executionId="d6cf6a73-927c-4326-a6e4-124ba2fc3e49" testId="2c4e27bc-ca2e-68ef-8524-91cb8b1514eb" testName="TodoApi.Domain.Tests.Models.ShippingOrganizations.ShippingAgentTests.DefaultConstructor_InitializesDefaults" computerName="DESKTOP-FVHUSAV" duration="00:00:00.0002123" startTime="2025-11-11T21:40:10.2486121+00:00" endTime="2025-11-11T21:40:10.2486122+00:00" testType="13cdc9d9-ddb5-4fa4-a97d-d965ccfc6d4b" outcome="Passed" testListId="8c84fa94-04c1-424b-9868-57a2d4851a1d" relativeResultsDirectory="d6cf6a73-927c-4326-a6e4-124ba2fc3e49" />
    <UnitTestResult executionId="132606ea-8cb7-4507-b567-17b42f0a3ace" testId="45bb5074-5044-f3b3-30b3-facc15e4c610" testName="Domain.Tests.DockDomainTests.Dock_PropertyAssignment_WorksAndAllowsVesselTypes" computerName="DESKTOP-FVHUSAV" duration="00:00:00.0035670" startTime="2025-11-11T21:40:10.2311232+00:00" endTime="2025-11-11T21:40:10.2311233+00:00" testType="13cdc9d9-ddb5-4fa4-a97d-d965ccfc6d4b" outcome="Passed" testListId="8c84fa94-04c1-424b-9868-57a2d4851a1d" relativeResultsDirectory="132606ea-8cb7-4507-b567-17b42f0a3ace" />
    <UnitTestResult executionId="17d64b69-cf9e-4728-b6c3-b0aed057ae08" testId="7fa6e26c-859e-2405-3004-eeb0cfc17977" testName="Domain.Tests.Tests.VesselMapperTests.IsValidImo_Works(imo: &quot;IMO1234567&quot;, expected: True)" computerName="DESKTOP-FVHUSAV" duration="00:00:00.0004359" startTime="2025-11-11T21:40:10.2454449+00:00" endTime="2025-11-11T21:40:10.2454450+00:00" testType="13cdc9d9-ddb5-4fa4-a97d-d965ccfc6d4b" outcome="Passed" testListId="8c84fa94-04c1-424b-9868-57a2d4851a1d" relativeResultsDirectory="17d64b69-cf9e-4728-b6c3-b0aed057ae08" />
    <UnitTestResult executionId="ec152b9f-f005-463d-9256-de7625560785" testId="d8589cfe-4f0d-c60e-d04f-788e78a5f47f" testName="Domain.Tests.VesselTypeTests.Create_WithValidValues_Succeeds" computerName="DESKTOP-FVHUSAV" duration="00:00:00.0065835" startTime="2025-11-11T21:40:10.2464415+00:00" endTime="2025-11-11T21:40:10.2464417+00:00" testType="13cdc9d9-ddb5-4fa4-a97d-d965ccfc6d4b" outcome="Passed" testListId="8c84fa94-04c1-424b-9868-57a2d4851a1d" relativeResultsDirectory="ec152b9f-f005-463d-9256-de7625560785" />
    <UnitTestResult executionId="5f3bbbf7-3952-4b53-9f4d-e39df2a2db3e" testId="92190ae1-a9b9-0686-ee19-a50bddd86e78" testName="TodoApi.Domain.Tests.Models.Staff.OperationalWindowTests.Can_Set_And_Read_Times" computerName="DESKTOP-FVHUSAV" duration="00:00:00.0012460" startTime="2025-11-11T21:40:10.2466323+00:00" endTime="2025-11-11T21:40:10.2466324+00:00" testType="13cdc9d9-ddb5-4fa4-a97d-d965ccfc6d4b" outcome="Passed" testListId="8c84fa94-04c1-424b-9868-57a2d4851a1d" relativeResultsDirectory="5f3bbbf7-3952-4b53-9f4d-e39df2a2db3e" />
    <UnitTestResult executionId="4eeb7888-bcd5-496e-8601-25462caea2a8" testId="f78ae9f6-075b-a989-a616-e93ef00eab1a" testName="Domain.Tests.QualificationTests.Qualification_AllowsEmptyDescription" computerName="DESKTOP-FVHUSAV" duration="00:00:00.0000638" startTime="2025-11-11T21:40:10.2481431+00:00" endTime="2025-11-11T21:40:10.2481431+00:00" testType="13cdc9d9-ddb5-4fa4-a97d-d965ccfc6d4b" outcome="Passed" testListId="8c84fa94-04c1-424b-9868-57a2d4851a1d" relativeResultsDirectory="4eeb7888-bcd5-496e-8601-25462caea2a8" />
    <UnitTestResult executionId="01b4367f-934f-4269-be22-78d06d6ffe1c" testId="3f46af7b-cded-5a3c-8b4f-b0fb3fa8ceb0" testName="Domain.Tests.VesselVisitNotificationTests.CanSetPropertiesAndDefaultStatusIsInProgress" computerName="DESKTOP-FVHUSAV" duration="00:00:00.0001321" startTime="2025-11-11T21:40:10.2472757+00:00" endTime="2025-11-11T21:40:10.2472758+00:00" testType="13cdc9d9-ddb5-4fa4-a97d-d965ccfc6d4b" outcome="Passed" testListId="8c84fa94-04c1-424b-9868-57a2d4851a1d" relativeResultsDirectory="01b4367f-934f-4269-be22-78d06d6ffe1c" />
    <UnitTestResult executionId="730b10d8-8221-4cb6-bea8-4c719632c99e" testId="3675f8ad-62c6-97d8-fbab-92411eb09d1a" testName="Domain.Tests.ResourcesTests.RequiredQualifications_CanAddDuplicateCodes" computerName="DESKTOP-FVHUSAV" duration="00:00:00.0030010" startTime="2025-11-11T21:40:10.2306864+00:00" endTime="2025-11-11T21:40:10.2306866+00:00" testType="13cdc9d9-ddb5-4fa4-a97d-d965ccfc6d4b" outcome="Passed" testListId="8c84fa94-04c1-424b-9868-57a2d4851a1d" relativeResultsDirectory="730b10d8-8221-4cb6-bea8-4c719632c99e" />
    <UnitTestResult executionId="964d7636-93b6-492d-a7e4-db9da057f70e" testId="308fa144-2aa0-cd4e-463a-063c81fb14b6" testName="Domain.Tests.VesselVisitNotificationTests.SubmissionTimestamp_DefaultsToNull_UponSubmitSetNotNull" computerName="DESKTOP-FVHUSAV" duration="00:00:00.0001055" startTime="2025-11-11T21:40:10.2472085+00:00" endTime="2025-11-11T21:40:10.2472086+00:00" testType="13cdc9d9-ddb5-4fa4-a97d-d965ccfc6d4b" outcome="Passed" testListId="8c84fa94-04c1-424b-9868-57a2d4851a1d" relativeResultsDirectory="964d7636-93b6-492d-a7e4-db9da057f70e" />
    <UnitTestResult executionId="8d9068e4-03a9-4491-962e-3ac7d693d5b0" testId="4784f79c-9415-aad8-5057-239241a1e6fc" testName="Domain.Tests.StaffTests.StaffMember_DefaultsAndQualifications" computerName="DESKTOP-FVHUSAV" duration="00:00:00.0003084" startTime="2025-11-11T21:40:10.2466595+00:00" endTime="2025-11-11T21:40:10.2466595+00:00" testType="13cdc9d9-ddb5-4fa4-a97d-d965ccfc6d4b" outcome="Passed" testListId="8c84fa94-04c1-424b-9868-57a2d4851a1d" relativeResultsDirectory="8d9068e4-03a9-4491-962e-3ac7d693d5b0" />
    <UnitTestResult executionId="efdec5a4-d8a9-484d-a70d-1695fbc550c0" testId="2c17f4b8-1e0f-ad93-cfdb-a3df1b817822" testName="Domain.Tests.VesselTypeTests.Create_InvalidParameters_Throws" computerName="DESKTOP-FVHUSAV" duration="00:00:00.0005769" startTime="2025-11-11T21:40:10.2477747+00:00" endTime="2025-11-11T21:40:10.2477748+00:00" testType="13cdc9d9-ddb5-4fa4-a97d-d965ccfc6d4b" outcome="Passed" testListId="8c84fa94-04c1-424b-9868-57a2d4851a1d" relativeResultsDirectory="efdec5a4-d8a9-484d-a70d-1695fbc550c0" />
    <UnitTestResult executionId="39f447cb-fbb4-4a54-a4c4-5058c1274d54" testId="df2348c7-100f-3033-8054-3469a79d536c" testName="Domain.Tests.ResourcesTests.Resource_DefaultStatusActive_AndQualificationsList" computerName="DESKTOP-FVHUSAV" duration="00:00:00.0001099" startTime="2025-11-11T21:40:10.2485516+00:00" endTime="2025-11-11T21:40:10.2485516+00:00" testType="13cdc9d9-ddb5-4fa4-a97d-d965ccfc6d4b" outcome="Passed" testListId="8c84fa94-04c1-424b-9868-57a2d4851a1d" relativeResultsDirectory="39f447cb-fbb4-4a54-a4c4-5058c1274d54" />
    <UnitTestResult executionId="30c33bd5-8e0d-4314-88f0-b4352d969f15" testId="d823dd4b-ae1c-b71a-6679-aea3dda67c8b" testName="Domain.Tests.StorageAreaTests.DockDistances_DefaultsEmptyAndAllowsUpdates" computerName="DESKTOP-FVHUSAV" duration="00:00:00.0067031" startTime="2025-11-11T21:40:10.2465388+00:00" endTime="2025-11-11T21:40:10.2465389+00:00" testType="13cdc9d9-ddb5-4fa4-a97d-d965ccfc6d4b" outcome="Passed" testListId="8c84fa94-04c1-424b-9868-57a2d4851a1d" relativeResultsDirectory="30c33bd5-8e0d-4314-88f0-b4352d969f15" />
    <UnitTestResult executionId="a726ab5f-07e0-40cb-905e-c677896a7576" testId="641e409b-b593-4179-f4e3-447588487024" testName="Domain.Tests.ShippingAgentTypeTests.Canonicalization_ToString_And_GetHashCode" computerName="DESKTOP-FVHUSAV" duration="00:00:00.0001558" startTime="2025-11-11T21:40:10.2473132+00:00" endTime="2025-11-11T21:40:10.2473133+00:00" testType="13cdc9d9-ddb5-4fa4-a97d-d965ccfc6d4b" outcome="Passed" testListId="8c84fa94-04c1-424b-9868-57a2d4851a1d" relativeResultsDirectory="a726ab5f-07e0-40cb-905e-c677896a7576" />
    <UnitTestResult executionId="e2256e45-b4cc-400c-8aca-ae985a962350" testId="e2c935a8-0501-f02a-b8cb-9f93a6053384" testName="TodoApi.Domain.Tests.US226.RepresentativeManagementTests_US226.CreateRepresentative_AndAssociateWithOneAgent_Succeeds" computerName="DESKTOP-FVHUSAV" duration="00:00:00.0001141" startTime="2025-11-11T21:40:10.2486520+00:00" endTime="2025-11-11T21:40:10.2486521+00:00" testType="13cdc9d9-ddb5-4fa4-a97d-d965ccfc6d4b" outcome="Passed" testListId="8c84fa94-04c1-424b-9868-57a2d4851a1d" relativeResultsDirectory="e2256e45-b4cc-400c-8aca-ae985a962350" />
    <UnitTestResult executionId="f76de10a-92af-4720-8391-a2184f8fb034" testId="5dec6ba8-2b86-03d9-aa50-c7bbc5a131e4" testName="Domain.Tests.VesselsTests.OperationalConstraints_EqualityAndComponents" computerName="DESKTOP-FVHUSAV" duration="00:00:00.0013371" startTime="2025-11-11T21:40:10.2482592+00:00" endTime="2025-11-11T21:40:10.2482592+00:00" testType="13cdc9d9-ddb5-4fa4-a97d-d965ccfc6d4b" outcome="Passed" testListId="8c84fa94-04c1-424b-9868-57a2d4851a1d" relativeResultsDirectory="f76de10a-92af-4720-8391-a2184f8fb034" />
    <UnitTestResult executionId="8cd762c1-cd44-470d-8352-1b1c133905fe" testId="e9432512-eb23-7a7c-b4b1-5c6dba6ac31d" testName="Domain.Tests.ContainerAndCrewTests.ContainerCode_NotEmptyAndHasExpectedFormatLength" computerName="DESKTOP-FVHUSAV" duration="00:00:00.0000735" startTime="2025-11-11T21:40:10.2481875+00:00" endTime="2025-11-11T21:40:10.2481875+00:00" testType="13cdc9d9-ddb5-4fa4-a97d-d965ccfc6d4b" outcome="Passed" testListId="8c84fa94-04c1-424b-9868-57a2d4851a1d" relativeResultsDirectory="8cd762c1-cd44-470d-8352-1b1c133905fe" />
  </Results>
  <TestDefinitions>
    <UnitTest name="Domain.Tests.StorageAreaTests.DockDistances_DefaultsEmptyAndAllowsUpdates" storage="c:\users\migue\documents\lei-sem5-pi-2025-26-3dm-03\testes\domain.tests\bin\release\net8.0\domain.tests.dll" id="d823dd4b-ae1c-b71a-6679-aea3dda67c8b">
      <Execution id="30c33bd5-8e0d-4314-88f0-b4352d969f15" />
      <TestMethod codeBase="C:\Users\migue\Documents\LEI-SEM5-PI-2025-26-3DM-03\testes\Domain.Tests\bin\Release\net8.0\Domain.Tests.dll" adapterTypeName="executor://xunit/VsTestRunner2/netcoreapp" className="Domain.Tests.StorageAreaTests" name="DockDistances_DefaultsEmptyAndAllowsUpdates" />
    </UnitTest>
    <UnitTest name="Domain.Tests.VesselVisitNotificationTests.VesselVisitNotification_Defaults_And_PropertySetters" storage="c:\users\migue\documents\lei-sem5-pi-2025-26-3dm-03\testes\domain.tests\bin\release\net8.0\domain.tests.dll" id="7a17744c-c123-f147-3c7b-22afd385eeda">
      <Execution id="904eb111-775a-4391-b3d2-7c1bad7bf58e" />
      <TestMethod codeBase="C:\Users\migue\Documents\LEI-SEM5-PI-2025-26-3DM-03\testes\Domain.Tests\bin\Release\net8.0\Domain.Tests.dll" adapterTypeName="executor://xunit/VsTestRunner2/netcoreapp" className="Domain.Tests.VesselVisitNotificationTests" name="VesselVisitNotification_Defaults_And_PropertySetters" />
    </UnitTest>
    <UnitTest name="Domain.Tests.StaffTests.StaffMember_UpdateContactData_Succeeds" storage="c:\users\migue\documents\lei-sem5-pi-2025-26-3dm-03\testes\domain.tests\bin\release\net8.0\domain.tests.dll" id="7e7a25a5-abf0-4a05-9948-a34690fa3776">
      <Execution id="5f93ef5c-8741-44c7-9acf-dac5e01028ca" />
      <TestMethod codeBase="C:\Users\migue\Documents\LEI-SEM5-PI-2025-26-3DM-03\testes\Domain.Tests\bin\Release\net8.0\Domain.Tests.dll" adapterTypeName="executor://xunit/VsTestRunner2/netcoreapp" className="Domain.Tests.StaffTests" name="StaffMember_UpdateContactData_Succeeds" />
    </UnitTest>
    <UnitTest name="Domain.Tests.StaffTests.OperationalWindow_StartBeforeEnd" storage="c:\users\migue\documents\lei-sem5-pi-2025-26-3dm-03\testes\domain.tests\bin\release\net8.0\domain.tests.dll" id="adccb776-b343-b85d-7013-8ce4227a9c22">
      <Execution id="007e57f5-380f-4e93-a0f1-31b7c41a3090" />
      <TestMethod codeBase="C:\Users\migue\Documents\LEI-SEM5-PI-2025-26-3DM-03\testes\Domain.Tests\bin\Release\net8.0\Domain.Tests.dll" adapterTypeName="executor://xunit/VsTestRunner2/netcoreapp" className="Domain.Tests.StaffTests" name="OperationalWindow_StartBeforeEnd" />
    </UnitTest>
    <UnitTest name="TodoApi.Domain.Tests.US226.RepresentativeManagementTests_US226.DeactivateRepresentative_SetsIsActiveFalse_AndRemainsAssociated" storage="c:\users\migue\documents\lei-sem5-pi-2025-26-3dm-03\testes\domain.tests\bin\release\net8.0\domain.tests.dll" id="08f41fa4-29e7-2059-3955-71a79f091713">
      <Execution id="887ad144-5595-42ac-a3b1-06200e6a35e1" />
      <TestMethod codeBase="C:\Users\migue\Documents\LEI-SEM5-PI-2025-26-3DM-03\testes\Domain.Tests\bin\Release\net8.0\Domain.Tests.dll" adapterTypeName="executor://xunit/VsTestRunner2/netcoreapp" className="TodoApi.Domain.Tests.US226.RepresentativeManagementTests_US226" name="DeactivateRepresentative_SetsIsActiveFalse_AndRemainsAssociated" />
    </UnitTest>
    <UnitTest name="Domain.Tests.StaffTests.StaffMember_CanAddAndRemoveQualifications" storage="c:\users\migue\documents\lei-sem5-pi-2025-26-3dm-03\testes\domain.tests\bin\release\net8.0\domain.tests.dll" id="9c0d3837-f4c3-807a-6c6e-f558c2e97ba9">
      <Execution id="9ebe8f41-a318-4437-bbbe-720ffb0ef1a3" />
      <TestMethod codeBase="C:\Users\migue\Documents\LEI-SEM5-PI-2025-26-3DM-03\testes\Domain.Tests\bin\Release\net8.0\Domain.Tests.dll" adapterTypeName="executor://xunit/VsTestRunner2/netcoreapp" className="Domain.Tests.StaffTests" name="StaffMember_CanAddAndRemoveQualifications" />
    </UnitTest>
    <UnitTest name="Domain.Tests.ResourcesTests.Resource_DefaultStatusActive_AndQualificationsList" storage="c:\users\migue\documents\lei-sem5-pi-2025-26-3dm-03\testes\domain.tests\bin\release\net8.0\domain.tests.dll" id="df2348c7-100f-3033-8054-3469a79d536c">
      <Execution id="39f447cb-fbb4-4a54-a4c4-5058c1274d54" />
      <TestMethod codeBase="C:\Users\migue\Documents\LEI-SEM5-PI-2025-26-3DM-03\testes\Domain.Tests\bin\Release\net8.0\Domain.Tests.dll" adapterTypeName="executor://xunit/VsTestRunner2/netcoreapp" className="Domain.Tests.ResourcesTests" name="Resource_DefaultStatusActive_AndQualificationsList" />
    </UnitTest>
    <UnitTest name="TodoApi.Domain.Tests.Models.ShippingOrganizations.ShippingAgentTests.DefaultConstructor_InitializesDefaults" storage="c:\users\migue\documents\lei-sem5-pi-2025-26-3dm-03\testes\domain.tests\bin\release\net8.0\domain.tests.dll" id="2c4e27bc-ca2e-68ef-8524-91cb8b1514eb">
      <Execution id="d6cf6a73-927c-4326-a6e4-124ba2fc3e49" />
      <TestMethod codeBase="C:\Users\migue\Documents\LEI-SEM5-PI-2025-26-3DM-03\testes\Domain.Tests\bin\Release\net8.0\Domain.Tests.dll" adapterTypeName="executor://xunit/VsTestRunner2/netcoreapp" className="TodoApi.Domain.Tests.Models.ShippingOrganizations.ShippingAgentTests" name="DefaultConstructor_InitializesDefaults" />
    </UnitTest>
    <UnitTest name="Domain.Tests.ContainerAndCrewTests.CrewMember_RoundtripProperties" storage="c:\users\migue\documents\lei-sem5-pi-2025-26-3dm-03\testes\domain.tests\bin\release\net8.0\domain.tests.dll" id="44665ef2-9f23-4b7e-5bf8-5407059e4a6e">
      <Execution id="b6289757-4857-454c-9f09-5ea3885988dd" />
      <TestMethod codeBase="C:\Users\migue\Documents\LEI-SEM5-PI-2025-26-3DM-03\testes\Domain.Tests\bin\Release\net8.0\Domain.Tests.dll" adapterTypeName="executor://xunit/VsTestRunner2/netcoreapp" className="Domain.Tests.ContainerAndCrewTests" name="CrewMember_RoundtripProperties" />
    </UnitTest>
    <UnitTest name="Domain.Tests.StaffTests.StaffMember_Deactivate_SetsActiveFalse" storage="c:\users\migue\documents\lei-sem5-pi-2025-26-3dm-03\testes\domain.tests\bin\release\net8.0\domain.tests.dll" id="c88a0165-0ca8-b382-7305-9ac1fcb8c567">
      <Execution id="628a1e0f-9259-4ab4-85c6-7be0403cb067" />
      <TestMethod codeBase="C:\Users\migue\Documents\LEI-SEM5-PI-2025-26-3DM-03\testes\Domain.Tests\bin\Release\net8.0\Domain.Tests.dll" adapterTypeName="executor://xunit/VsTestRunner2/netcoreapp" className="Domain.Tests.StaffTests" name="StaffMember_Deactivate_SetsActiveFalse" />
    </UnitTest>
    <UnitTest name="Domain.Tests.ShippingAgentTypeTests.Constructor_RejectsNullOrEmpty" storage="c:\users\migue\documents\lei-sem5-pi-2025-26-3dm-03\testes\domain.tests\bin\release\net8.0\domain.tests.dll" id="7eae650c-822f-265d-ea97-73a9efb203f3">
      <Execution id="d35dcac8-d6f1-43c6-98ca-8a1bda05f5a7" />
      <TestMethod codeBase="C:\Users\migue\Documents\LEI-SEM5-PI-2025-26-3DM-03\testes\Domain.Tests\bin\Release\net8.0\Domain.Tests.dll" adapterTypeName="executor://xunit/VsTestRunner2/netcoreapp" className="Domain.Tests.ShippingAgentTypeTests" name="Constructor_RejectsNullOrEmpty" />
    </UnitTest>
    <UnitTest name="Domain.Tests.VesselVisitNotificationTests.SubmissionTimestamp_DefaultsToNull_UponSubmitSetNotNull" storage="c:\users\migue\documents\lei-sem5-pi-2025-26-3dm-03\testes\domain.tests\bin\release\net8.0\domain.tests.dll" id="308fa144-2aa0-cd4e-463a-063c81fb14b6">
      <Execution id="964d7636-93b6-492d-a7e4-db9da057f70e" />
      <TestMethod codeBase="C:\Users\migue\Documents\LEI-SEM5-PI-2025-26-3DM-03\testes\Domain.Tests\bin\Release\net8.0\Domain.Tests.dll" adapterTypeName="executor://xunit/VsTestRunner2/netcoreapp" className="Domain.Tests.VesselVisitNotificationTests" name="SubmissionTimestamp_DefaultsToNull_UponSubmitSetNotNull" />
    </UnitTest>
    <UnitTest name="Domain.Tests.ResourcesTests.RequiredQualifications_CanAddDuplicateCodes" storage="c:\users\migue\documents\lei-sem5-pi-2025-26-3dm-03\testes\domain.tests\bin\release\net8.0\domain.tests.dll" id="3675f8ad-62c6-97d8-fbab-92411eb09d1a">
      <Execution id="730b10d8-8221-4cb6-bea8-4c719632c99e" />
      <TestMethod codeBase="C:\Users\migue\Documents\LEI-SEM5-PI-2025-26-3DM-03\testes\Domain.Tests\bin\Release\net8.0\Domain.Tests.dll" adapterTypeName="executor://xunit/VsTestRunner2/netcoreapp" className="Domain.Tests.ResourcesTests" name="RequiredQualifications_CanAddDuplicateCodes" />
    </UnitTest>
    <UnitTest name="Domain.Tests.Tests.VesselMapperTests.IsValidImo_Works(imo: &quot;1234560&quot;, expected: False)" storage="c:\users\migue\documents\lei-sem5-pi-2025-26-3dm-03\testes\domain.tests\bin\release\net8.0\domain.tests.dll" id="53f783e0-6618-b324-11e3-662375fb1b64">
      <Execution id="ddd9feea-c580-4c14-9b4d-9ef70a5266b1" />
      <TestMethod codeBase="C:\Users\migue\Documents\LEI-SEM5-PI-2025-26-3DM-03\testes\Domain.Tests\bin\Release\net8.0\Domain.Tests.dll" adapterTypeName="executor://xunit/VsTestRunner2/netcoreapp" className="Domain.Tests.Tests.VesselMapperTests" name="IsValidImo_Works" />
    </UnitTest>
    <UnitTest name="Domain.Tests.ShippingAgentTypeTests.Constructor_RejectsInvalidValue" storage="c:\users\migue\documents\lei-sem5-pi-2025-26-3dm-03\testes\domain.tests\bin\release\net8.0\domain.tests.dll" id="140e48d2-a0bd-fdce-22df-7e304e4d1d6a">
      <Execution id="b7f67fa2-2946-4e07-ab4b-a18b0ac4f7a2" />
      <TestMethod codeBase="C:\Users\migue\Documents\LEI-SEM5-PI-2025-26-3DM-03\testes\Domain.Tests\bin\Release\net8.0\Domain.Tests.dll" adapterTypeName="executor://xunit/VsTestRunner2/netcoreapp" className="Domain.Tests.ShippingAgentTypeTests" name="Constructor_RejectsInvalidValue" />
    </UnitTest>
    <UnitTest name="Domain.Tests.ShippingAgentTypeTests.Canonicalization_ToString_And_GetHashCode" storage="c:\users\migue\documents\lei-sem5-pi-2025-26-3dm-03\testes\domain.tests\bin\release\net8.0\domain.tests.dll" id="641e409b-b593-4179-f4e3-447588487024">
      <Execution id="a726ab5f-07e0-40cb-905e-c677896a7576" />
      <TestMethod codeBase="C:\Users\migue\Documents\LEI-SEM5-PI-2025-26-3DM-03\testes\Domain.Tests\bin\Release\net8.0\Domain.Tests.dll" adapterTypeName="executor://xunit/VsTestRunner2/netcoreapp" className="Domain.Tests.ShippingAgentTypeTests" name="Canonicalization_ToString_And_GetHashCode" />
    </UnitTest>
    <UnitTest name="Domain.Tests.VesselVisitNotificationTests.CanSetPropertiesAndDefaultStatusIsInProgress" storage="c:\users\migue\documents\lei-sem5-pi-2025-26-3dm-03\testes\domain.tests\bin\release\net8.0\domain.tests.dll" id="3f46af7b-cded-5a3c-8b4f-b0fb3fa8ceb0">
      <Execution id="01b4367f-934f-4269-be22-78d06d6ffe1c" />
      <TestMethod codeBase="C:\Users\migue\Documents\LEI-SEM5-PI-2025-26-3DM-03\testes\Domain.Tests\bin\Release\net8.0\Domain.Tests.dll" adapterTypeName="executor://xunit/VsTestRunner2/netcoreapp" className="Domain.Tests.VesselVisitNotificationTests" name="CanSetPropertiesAndDefaultStatusIsInProgress" />
    </UnitTest>
    <UnitTest name="TodoApi.Domain.Tests.US226.RepresentativeManagementTests_US226.UpdateRepresentative_ContactData_WhileAssociatedToAgent_Succeeds" storage="c:\users\migue\documents\lei-sem5-pi-2025-26-3dm-03\testes\domain.tests\bin\release\net8.0\domain.tests.dll" id="67991d5f-efa7-dc80-0893-fcef50eabd13">
      <Execution id="53cf437b-95d7-4121-9574-e6847a7a0986" />
      <TestMethod codeBase="C:\Users\migue\Documents\LEI-SEM5-PI-2025-26-3DM-03\testes\Domain.Tests\bin\Release\net8.0\Domain.Tests.dll" adapterTypeName="executor://xunit/VsTestRunner2/netcoreapp" className="TodoApi.Domain.Tests.US226.RepresentativeManagementTests_US226" name="UpdateRepresentative_ContactData_WhileAssociatedToAgent_Succeeds" />
    </UnitTest>
    <UnitTest name="Domain.Tests.Tests.VesselMapperTests.IsValidImo_Works(imo: &quot;IMO 1234567&quot;, expected: True)" storage="c:\users\migue\documents\lei-sem5-pi-2025-26-3dm-03\testes\domain.tests\bin\release\net8.0\domain.tests.dll" id="542c7be5-762d-8e57-382f-c91ec9d13e42">
      <Execution id="ccb323b3-11a4-4d7a-8064-cdbe2906c42f" />
      <TestMethod codeBase="C:\Users\migue\Documents\LEI-SEM5-PI-2025-26-3DM-03\testes\Domain.Tests\bin\Release\net8.0\Domain.Tests.dll" adapterTypeName="executor://xunit/VsTestRunner2/netcoreapp" className="Domain.Tests.Tests.VesselMapperTests" name="IsValidImo_Works" />
    </UnitTest>
    <UnitTest name="TodoApi.Domain.Tests.Models.Staff.OperationalWindowTests.Can_Set_And_Read_Times" storage="c:\users\migue\documents\lei-sem5-pi-2025-26-3dm-03\testes\domain.tests\bin\release\net8.0\domain.tests.dll" id="92190ae1-a9b9-0686-ee19-a50bddd86e78">
      <Execution id="5f3bbbf7-3952-4b53-9f4d-e39df2a2db3e" />
      <TestMethod codeBase="C:\Users\migue\Documents\LEI-SEM5-PI-2025-26-3DM-03\testes\Domain.Tests\bin\Release\net8.0\Domain.Tests.dll" adapterTypeName="executor://xunit/VsTestRunner2/netcoreapp" className="TodoApi.Domain.Tests.Models.Staff.OperationalWindowTests" name="Can_Set_And_Read_Times" />
    </UnitTest>
    <UnitTest name="Domain.Tests.VesselsTests.OperationalConstraints_CreateAndValidation" storage="c:\users\migue\documents\lei-sem5-pi-2025-26-3dm-03\testes\domain.tests\bin\release\net8.0\domain.tests.dll" id="1386ff9b-77c6-21ae-c498-5d17efa6e825">
      <Execution id="365d6967-a8bc-43d3-8d9e-951bab5f6024" />
      <TestMethod codeBase="C:\Users\migue\Documents\LEI-SEM5-PI-2025-26-3DM-03\testes\Domain.Tests\bin\Release\net8.0\Domain.Tests.dll" adapterTypeName="executor://xunit/VsTestRunner2/netcoreapp" className="Domain.Tests.VesselsTests" name="OperationalConstraints_CreateAndValidation" />
    </UnitTest>
    <UnitTest name="Domain.Tests.VesselsTests.Vessel_CanSetProperties" storage="c:\users\migue\documents\lei-sem5-pi-2025-26-3dm-03\testes\domain.tests\bin\release\net8.0\domain.tests.dll" id="52ca4204-2985-701a-d677-d633f724ddd6">
      <Execution id="f4c9047d-8639-476b-88a0-542da07e47a5" />
      <TestMethod codeBase="C:\Users\migue\Documents\LEI-SEM5-PI-2025-26-3DM-03\testes\Domain.Tests\bin\Release\net8.0\Domain.Tests.dll" adapterTypeName="executor://xunit/VsTestRunner2/netcoreapp" className="Domain.Tests.VesselsTests" name="Vessel_CanSetProperties" />
    </UnitTest>
    <UnitTest name="Domain.Tests.Tests.VesselMapperTests.IsValidImo_HandlesNullAndWhitespace(imo: &quot;&quot;, expected: False)" storage="c:\users\migue\documents\lei-sem5-pi-2025-26-3dm-03\testes\domain.tests\bin\release\net8.0\domain.tests.dll" id="fa97ab58-69a3-7d9f-edd6-c1e66d96120c">
      <Execution id="dbdcd1a5-e9eb-428a-ba72-c0fb1067fa55" />
      <TestMethod codeBase="C:\Users\migue\Documents\LEI-SEM5-PI-2025-26-3DM-03\testes\Domain.Tests\bin\Release\net8.0\Domain.Tests.dll" adapterTypeName="executor://xunit/VsTestRunner2/netcoreapp" className="Domain.Tests.Tests.VesselMapperTests" name="IsValidImo_HandlesNullAndWhitespace" />
    </UnitTest>
    <UnitTest name="TodoApi.Domain.Tests.US226.RepresentativeManagementTests_US226.Representative_ShouldBeAssociatedWithExactlyOneAgent_AtAnyTime" storage="c:\users\migue\documents\lei-sem5-pi-2025-26-3dm-03\testes\domain.tests\bin\release\net8.0\domain.tests.dll" id="f5c7e055-32f7-d6ee-fe92-7786613e69fe">
      <Execution id="8b74bcce-393f-4d5e-a1d0-29735a0aa090" />
      <TestMethod codeBase="C:\Users\migue\Documents\LEI-SEM5-PI-2025-26-3DM-03\testes\Domain.Tests\bin\Release\net8.0\Domain.Tests.dll" adapterTypeName="executor://xunit/VsTestRunner2/netcoreapp" className="TodoApi.Domain.Tests.US226.RepresentativeManagementTests_US226" name="Representative_ShouldBeAssociatedWithExactlyOneAgent_AtAnyTime" />
    </UnitTest>
    <UnitTest name="Domain.Tests.ResourcesTests.Resource_AllProperties_ReadWrite" storage="c:\users\migue\documents\lei-sem5-pi-2025-26-3dm-03\testes\domain.tests\bin\release\net8.0\domain.tests.dll" id="80e3dcae-1220-9328-f9bb-9f7f05781a58">
      <Execution id="f7ccb839-c462-4052-9188-648655fa8340" />
      <TestMethod codeBase="C:\Users\migue\Documents\LEI-SEM5-PI-2025-26-3DM-03\testes\Domain.Tests\bin\Release\net8.0\Domain.Tests.dll" adapterTypeName="executor://xunit/VsTestRunner2/netcoreapp" className="Domain.Tests.ResourcesTests" name="Resource_AllProperties_ReadWrite" />
    </UnitTest>
    <UnitTest name="Domain.Tests.ResourceQualificationTests.ResourceQualification_IdAndCode_ReadWrite" storage="c:\users\migue\documents\lei-sem5-pi-2025-26-3dm-03\testes\domain.tests\bin\release\net8.0\domain.tests.dll" id="d96fa0a0-a534-e3f2-64a5-aa2c8320b290">
      <Execution id="2c0a108c-ac2c-41aa-b1a0-8f3a7d1d9372" />
      <TestMethod codeBase="C:\Users\migue\Documents\LEI-SEM5-PI-2025-26-3DM-03\testes\Domain.Tests\bin\Release\net8.0\Domain.Tests.dll" adapterTypeName="executor://xunit/VsTestRunner2/netcoreapp" className="Domain.Tests.ResourceQualificationTests" name="ResourceQualification_IdAndCode_ReadWrite" />
    </UnitTest>
    <UnitTest name="Domain.Tests.VesselTypeTests.Update_InvalidArguments_Throws" storage="c:\users\migue\documents\lei-sem5-pi-2025-26-3dm-03\testes\domain.tests\bin\release\net8.0\domain.tests.dll" id="17eec70a-3791-c993-6d2e-0ddd67d745f0">
      <Execution id="92f3e74e-0fc1-43df-866a-7ef04a6a139c" />
      <TestMethod codeBase="C:\Users\migue\Documents\LEI-SEM5-PI-2025-26-3DM-03\testes\Domain.Tests\bin\Release\net8.0\Domain.Tests.dll" adapterTypeName="executor://xunit/VsTestRunner2/netcoreapp" className="Domain.Tests.VesselTypeTests" name="Update_InvalidArguments_Throws" />
    </UnitTest>
    <UnitTest name="Domain.Tests.DockDomainTests.Dock_PropertyAssignment_WorksAndAllowsVesselTypes" storage="c:\users\migue\documents\lei-sem5-pi-2025-26-3dm-03\testes\domain.tests\bin\release\net8.0\domain.tests.dll" id="45bb5074-5044-f3b3-30b3-facc15e4c610">
      <Execution id="132606ea-8cb7-4507-b567-17b42f0a3ace" />
      <TestMethod codeBase="C:\Users\migue\Documents\LEI-SEM5-PI-2025-26-3DM-03\testes\Domain.Tests\bin\Release\net8.0\Domain.Tests.dll" adapterTypeName="executor://xunit/VsTestRunner2/netcoreapp" className="Domain.Tests.DockDomainTests" name="Dock_PropertyAssignment_WorksAndAllowsVesselTypes" />
    </UnitTest>
    <UnitTest name="Domain.Tests.QualificationTests.Qualification_AllowsEmptyDescription" storage="c:\users\migue\documents\lei-sem5-pi-2025-26-3dm-03\testes\domain.tests\bin\release\net8.0\domain.tests.dll" id="f78ae9f6-075b-a989-a616-e93ef00eab1a">
      <Execution id="4eeb7888-bcd5-496e-8601-25462caea2a8" />
      <TestMethod codeBase="C:\Users\migue\Documents\LEI-SEM5-PI-2025-26-3DM-03\testes\Domain.Tests\bin\Release\net8.0\Domain.Tests.dll" adapterTypeName="executor://xunit/VsTestRunner2/netcoreapp" className="Domain.Tests.QualificationTests" name="Qualification_AllowsEmptyDescription" />
    </UnitTest>
    <UnitTest name="Domain.Tests.VesselsTests.OperationalConstraints_EqualityAndComponents" storage="c:\users\migue\documents\lei-sem5-pi-2025-26-3dm-03\testes\domain.tests\bin\release\net8.0\domain.tests.dll" id="5dec6ba8-2b86-03d9-aa50-c7bbc5a131e4">
      <Execution id="f76de10a-92af-4720-8391-a2184f8fb034" />
      <TestMethod codeBase="C:\Users\migue\Documents\LEI-SEM5-PI-2025-26-3DM-03\testes\Domain.Tests\bin\Release\net8.0\Domain.Tests.dll" adapterTypeName="executor://xunit/VsTestRunner2/netcoreapp" className="Domain.Tests.VesselsTests" name="OperationalConstraints_EqualityAndComponents" />
    </UnitTest>
    <UnitTest name="TodoApi.Domain.Tests.Models.Staff.StaffQualificationTests.Default_Qualification_Has_DefaultValues" storage="c:\users\migue\documents\lei-sem5-pi-2025-26-3dm-03\testes\domain.tests\bin\release\net8.0\domain.tests.dll" id="5298d510-1bd4-1afd-98fb-39e53c5c1b48">
      <Execution id="3321411d-4d17-4295-be25-6a01cd13725d" />
      <TestMethod codeBase="C:\Users\migue\Documents\LEI-SEM5-PI-2025-26-3DM-03\testes\Domain.Tests\bin\Release\net8.0\Domain.Tests.dll" adapterTypeName="executor://xunit/VsTestRunner2/netcoreapp" className="TodoApi.Domain.Tests.Models.Staff.StaffQualificationTests" name="Default_Qualification_Has_DefaultValues" />
    </UnitTest>
    <UnitTest name="Domain.Tests.Tests.VesselMapperTests.IsValidImo_Works(imo: &quot;abcdefg&quot;, expected: False)" storage="c:\users\migue\documents\lei-sem5-pi-2025-26-3dm-03\testes\domain.tests\bin\release\net8.0\domain.tests.dll" id="a7176afd-5c2b-34b2-97a2-6b03f1ac5c0a">
      <Execution id="113cddad-13a5-453a-a382-cbec6ef06aff" />
      <TestMethod codeBase="C:\Users\migue\Documents\LEI-SEM5-PI-2025-26-3DM-03\testes\Domain.Tests\bin\Release\net8.0\Domain.Tests.dll" adapterTypeName="executor://xunit/VsTestRunner2/netcoreapp" className="Domain.Tests.Tests.VesselMapperTests" name="IsValidImo_Works" />
    </UnitTest>
    <UnitTest name="Domain.Tests.Tests.VesselMapperTests.IsValidImo_Works(imo: &quot;IMO1234567&quot;, expected: True)" storage="c:\users\migue\documents\lei-sem5-pi-2025-26-3dm-03\testes\domain.tests\bin\release\net8.0\domain.tests.dll" id="7fa6e26c-859e-2405-3004-eeb0cfc17977">
      <Execution id="17d64b69-cf9e-4728-b6c3-b0aed057ae08" />
      <TestMethod codeBase="C:\Users\migue\Documents\LEI-SEM5-PI-2025-26-3DM-03\testes\Domain.Tests\bin\Release\net8.0\Domain.Tests.dll" adapterTypeName="executor://xunit/VsTestRunner2/netcoreapp" className="Domain.Tests.Tests.VesselMapperTests" name="IsValidImo_Works" />
    </UnitTest>
    <UnitTest name="Domain.Tests.VesselVisitNotificationTests.CargoAndCrewCollections_BehaveAsLists" storage="c:\users\migue\documents\lei-sem5-pi-2025-26-3dm-03\testes\domain.tests\bin\release\net8.0\domain.tests.dll" id="c47e6e5c-e57e-15b5-aeec-04ac5af9d829">
      <Execution id="90534203-8588-4184-9cf6-660b3359c58d" />
      <TestMethod codeBase="C:\Users\migue\Documents\LEI-SEM5-PI-2025-26-3DM-03\testes\Domain.Tests\bin\Release\net8.0\Domain.Tests.dll" adapterTypeName="executor://xunit/VsTestRunner2/netcoreapp" className="Domain.Tests.VesselVisitNotificationTests" name="CargoAndCrewCollections_BehaveAsLists" />
    </UnitTest>
    <UnitTest name="TodoApi.Domain.Tests.US226.RepresentativeManagementTests_US226.CreateRepresentative_AndAssociateWithOneAgent_Succeeds" storage="c:\users\migue\documents\lei-sem5-pi-2025-26-3dm-03\testes\domain.tests\bin\release\net8.0\domain.tests.dll" id="e2c935a8-0501-f02a-b8cb-9f93a6053384">
      <Execution id="e2256e45-b4cc-400c-8aca-ae985a962350" />
      <TestMethod codeBase="C:\Users\migue\Documents\LEI-SEM5-PI-2025-26-3DM-03\testes\Domain.Tests\bin\Release\net8.0\Domain.Tests.dll" adapterTypeName="executor://xunit/VsTestRunner2/netcoreapp" className="TodoApi.Domain.Tests.US226.RepresentativeManagementTests_US226" name="CreateRepresentative_AndAssociateWithOneAgent_Succeeds" />
    </UnitTest>
    <UnitTest name="Domain.Tests.Tests.VesselMapperTests.IsValidImo_Works(imo: &quot;1234567&quot;, expected: True)" storage="c:\users\migue\documents\lei-sem5-pi-2025-26-3dm-03\testes\domain.tests\bin\release\net8.0\domain.tests.dll" id="3b49b1fc-266f-bbf1-a4e4-210cc180a65d">
      <Execution id="3d5e1492-b02d-4c22-b97b-118d502c0fc1" />
      <TestMethod codeBase="C:\Users\migue\Documents\LEI-SEM5-PI-2025-26-3DM-03\testes\Domain.Tests\bin\Release\net8.0\Domain.Tests.dll" adapterTypeName="executor://xunit/VsTestRunner2/netcoreapp" className="Domain.Tests.Tests.VesselMapperTests" name="IsValidImo_Works" />
    </UnitTest>
    <UnitTest name="TodoApi.Domain.Tests.Models.Staff.OperationalWindowTests.StartTime_MustBeBefore_EndTime" storage="c:\users\migue\documents\lei-sem5-pi-2025-26-3dm-03\testes\domain.tests\bin\release\net8.0\domain.tests.dll" id="701cfa00-0ba7-6c95-874f-2ea29af810fe">
      <Execution id="2abe304d-10e0-476e-a048-68b7daae6f07" />
      <TestMethod codeBase="C:\Users\migue\Documents\LEI-SEM5-PI-2025-26-3DM-03\testes\Domain.Tests\bin\Release\net8.0\Domain.Tests.dll" adapterTypeName="executor://xunit/VsTestRunner2/netcoreapp" className="TodoApi.Domain.Tests.Models.Staff.OperationalWindowTests" name="StartTime_MustBeBefore_EndTime" />
    </UnitTest>
    <UnitTest name="Domain.Tests.Tests.VesselMapperTests.IsValidImo_HandlesNullAndWhitespace(imo: null, expected: False)" storage="c:\users\migue\documents\lei-sem5-pi-2025-26-3dm-03\testes\domain.tests\bin\release\net8.0\domain.tests.dll" id="c2629a74-6a33-8d07-56aa-f6f08af061da">
      <Execution id="e5448f79-1249-44cd-af2a-46258ab7f558" />
      <TestMethod codeBase="C:\Users\migue\Documents\LEI-SEM5-PI-2025-26-3DM-03\testes\Domain.Tests\bin\Release\net8.0\Domain.Tests.dll" adapterTypeName="executor://xunit/VsTestRunner2/netcoreapp" className="Domain.Tests.Tests.VesselMapperTests" name="IsValidImo_HandlesNullAndWhitespace" />
    </UnitTest>
    <UnitTest name="TodoApi.Domain.Tests.Models.ShippingOrganizations.ShippingAgentTests.ParameterizedConstructor_AssignsAllProperties" storage="c:\users\migue\documents\lei-sem5-pi-2025-26-3dm-03\testes\domain.tests\bin\release\net8.0\domain.tests.dll" id="f5b08128-5bd5-737b-c661-2a2ece1c3e30">
      <Execution id="08651867-3d17-4be4-8d6f-b9b00d1777ae" />
      <TestMethod codeBase="C:\Users\migue\Documents\LEI-SEM5-PI-2025-26-3DM-03\testes\Domain.Tests\bin\Release\net8.0\Domain.Tests.dll" adapterTypeName="executor://xunit/VsTestRunner2/netcoreapp" className="TodoApi.Domain.Tests.Models.ShippingOrganizations.ShippingAgentTests" name="ParameterizedConstructor_AssignsAllProperties" />
    </UnitTest>
    <UnitTest name="Domain.Tests.StaffTests.StaffMember_DefaultsAndQualifications" storage="c:\users\migue\documents\lei-sem5-pi-2025-26-3dm-03\testes\domain.tests\bin\release\net8.0\domain.tests.dll" id="4784f79c-9415-aad8-5057-239241a1e6fc">
      <Execution id="8d9068e4-03a9-4491-962e-3ac7d693d5b0" />
      <TestMethod codeBase="C:\Users\migue\Documents\LEI-SEM5-PI-2025-26-3DM-03\testes\Domain.Tests\bin\Release\net8.0\Domain.Tests.dll" adapterTypeName="executor://xunit/VsTestRunner2/netcoreapp" className="Domain.Tests.StaffTests" name="StaffMember_DefaultsAndQualifications" />
    </UnitTest>
    <UnitTest name="Domain.Tests.VesselTypeTests.Update_Works" storage="c:\users\migue\documents\lei-sem5-pi-2025-26-3dm-03\testes\domain.tests\bin\release\net8.0\domain.tests.dll" id="498a8c61-e9dc-a366-c57d-f8bfff28a463">
      <Execution id="9b16d999-d38f-4894-994e-304f18ce0168" />
      <TestMethod codeBase="C:\Users\migue\Documents\LEI-SEM5-PI-2025-26-3DM-03\testes\Domain.Tests\bin\Release\net8.0\Domain.Tests.dll" adapterTypeName="executor://xunit/VsTestRunner2/netcoreapp" className="Domain.Tests.VesselTypeTests" name="Update_Works" />
    </UnitTest>
    <UnitTest name="Domain.Tests.ContainerAndCrewTests.ContainerCode_NotEmptyAndHasExpectedFormatLength" storage="c:\users\migue\documents\lei-sem5-pi-2025-26-3dm-03\testes\domain.tests\bin\release\net8.0\domain.tests.dll" id="e9432512-eb23-7a7c-b4b1-5c6dba6ac31d">
      <Execution id="8cd762c1-cd44-470d-8352-1b1c133905fe" />
      <TestMethod codeBase="C:\Users\migue\Documents\LEI-SEM5-PI-2025-26-3DM-03\testes\Domain.Tests\bin\Release\net8.0\Domain.Tests.dll" adapterTypeName="executor://xunit/VsTestRunner2/netcoreapp" className="Domain.Tests.ContainerAndCrewTests" name="ContainerCode_NotEmptyAndHasExpectedFormatLength" />
    </UnitTest>
    <UnitTest name="Domain.Tests.ContainerAndCrewTests.ContainerItem_RoundtripProperties" storage="c:\users\migue\documents\lei-sem5-pi-2025-26-3dm-03\testes\domain.tests\bin\release\net8.0\domain.tests.dll" id="3b569bf1-19d1-2199-383f-674822675fa9">
      <Execution id="9b0e23e8-b26e-4af1-bf41-729cde11054d" />
      <TestMethod codeBase="C:\Users\migue\Documents\LEI-SEM5-PI-2025-26-3DM-03\testes\Domain.Tests\bin\Release\net8.0\Domain.Tests.dll" adapterTypeName="executor://xunit/VsTestRunner2/netcoreapp" className="Domain.Tests.ContainerAndCrewTests" name="ContainerItem_RoundtripProperties" />
    </UnitTest>
    <UnitTest name="Domain.Tests.StorageAreaTests.StorageArea_SetPropsAndCollections" storage="c:\users\migue\documents\lei-sem5-pi-2025-26-3dm-03\testes\domain.tests\bin\release\net8.0\domain.tests.dll" id="b1ccd14c-45dd-f700-a650-62c7da017789">
      <Execution id="a696ac4e-b56d-4fae-9a8e-47103dcecf23" />
      <TestMethod codeBase="C:\Users\migue\Documents\LEI-SEM5-PI-2025-26-3DM-03\testes\Domain.Tests\bin\Release\net8.0\Domain.Tests.dll" adapterTypeName="executor://xunit/VsTestRunner2/netcoreapp" className="Domain.Tests.StorageAreaTests" name="StorageArea_SetPropsAndCollections" />
    </UnitTest>
    <UnitTest name="Domain.Tests.QualificationTests.Qualification_Constructors_Work" storage="c:\users\migue\documents\lei-sem5-pi-2025-26-3dm-03\testes\domain.tests\bin\release\net8.0\domain.tests.dll" id="d6504d2b-7d71-50c0-02a7-ee14d1f2321b">
      <Execution id="edb256fb-bba9-40ec-a8ca-db9595a7852c" />
      <TestMethod codeBase="C:\Users\migue\Documents\LEI-SEM5-PI-2025-26-3DM-03\testes\Domain.Tests\bin\Release\net8.0\Domain.Tests.dll" adapterTypeName="executor://xunit/VsTestRunner2/netcoreapp" className="Domain.Tests.QualificationTests" name="Qualification_Constructors_Work" />
    </UnitTest>
    <UnitTest name="Domain.Tests.ResourceQualificationTests.ResourceQualification_Roundtrip" storage="c:\users\migue\documents\lei-sem5-pi-2025-26-3dm-03\testes\domain.tests\bin\release\net8.0\domain.tests.dll" id="96f0fbac-2688-894a-d36b-fda49efb7059">
      <Execution id="e5b79b9f-a490-47bd-b490-373c0d12bb26" />
      <TestMethod codeBase="C:\Users\migue\Documents\LEI-SEM5-PI-2025-26-3DM-03\testes\Domain.Tests\bin\Release\net8.0\Domain.Tests.dll" adapterTypeName="executor://xunit/VsTestRunner2/netcoreapp" className="Domain.Tests.ResourceQualificationTests" name="ResourceQualification_Roundtrip" />
    </UnitTest>
    <UnitTest name="TodoApi.Domain.Tests.Models.Staff.StaffQualificationTests.StaffMember_CanAdd_Qualifications" storage="c:\users\migue\documents\lei-sem5-pi-2025-26-3dm-03\testes\domain.tests\bin\release\net8.0\domain.tests.dll" id="707845d9-dbf7-a4e5-bfef-02d8870f47ae">
      <Execution id="e5bf5705-1b1c-4a96-80a1-3709d23c325b" />
      <TestMethod codeBase="C:\Users\migue\Documents\LEI-SEM5-PI-2025-26-3DM-03\testes\Domain.Tests\bin\Release\net8.0\Domain.Tests.dll" adapterTypeName="executor://xunit/VsTestRunner2/netcoreapp" className="TodoApi.Domain.Tests.Models.Staff.StaffQualificationTests" name="StaffMember_CanAdd_Qualifications" />
    </UnitTest>
    <UnitTest name="Domain.Tests.VesselTypeTests.Create_InvalidParameters_Throws" storage="c:\users\migue\documents\lei-sem5-pi-2025-26-3dm-03\testes\domain.tests\bin\release\net8.0\domain.tests.dll" id="2c17f4b8-1e0f-ad93-cfdb-a3df1b817822">
      <Execution id="efdec5a4-d8a9-484d-a70d-1695fbc550c0" />
      <TestMethod codeBase="C:\Users\migue\Documents\LEI-SEM5-PI-2025-26-3DM-03\testes\Domain.Tests\bin\Release\net8.0\Domain.Tests.dll" adapterTypeName="executor://xunit/VsTestRunner2/netcoreapp" className="Domain.Tests.VesselTypeTests" name="Create_InvalidParameters_Throws" />
    </UnitTest>
    <UnitTest name="Domain.Tests.ShippingAgentTypeTests.OwnerAndOperator_ImplicitConversionAndEquality" storage="c:\users\migue\documents\lei-sem5-pi-2025-26-3dm-03\testes\domain.tests\bin\release\net8.0\domain.tests.dll" id="9ed3cc46-6859-77b2-1ec8-ae5fe416f0a7">
      <Execution id="bee5a5a3-d04c-4f7a-a3bb-445a7e4d5b35" />
      <TestMethod codeBase="C:\Users\migue\Documents\LEI-SEM5-PI-2025-26-3DM-03\testes\Domain.Tests\bin\Release\net8.0\Domain.Tests.dll" adapterTypeName="executor://xunit/VsTestRunner2/netcoreapp" className="Domain.Tests.ShippingAgentTypeTests" name="OwnerAndOperator_ImplicitConversionAndEquality" />
    </UnitTest>
    <UnitTest name="Domain.Tests.VesselTypeTests.Create_WithValidValues_Succeeds" storage="c:\users\migue\documents\lei-sem5-pi-2025-26-3dm-03\testes\domain.tests\bin\release\net8.0\domain.tests.dll" id="d8589cfe-4f0d-c60e-d04f-788e78a5f47f">
      <Execution id="ec152b9f-f005-463d-9256-de7625560785" />
      <TestMethod codeBase="C:\Users\migue\Documents\LEI-SEM5-PI-2025-26-3DM-03\testes\Domain.Tests\bin\Release\net8.0\Domain.Tests.dll" adapterTypeName="executor://xunit/VsTestRunner2/netcoreapp" className="Domain.Tests.VesselTypeTests" name="Create_WithValidValues_Succeeds" />
    </UnitTest>
    <UnitTest name="Domain.Tests.Tests.VesselMapperTests.IsValidImo_HandlesNullAndWhitespace(imo: &quot;   &quot;, expected: False)" storage="c:\users\migue\documents\lei-sem5-pi-2025-26-3dm-03\testes\domain.tests\bin\release\net8.0\domain.tests.dll" id="e44f283e-25ec-0695-5474-17f305ae7e11">
      <Execution id="472d2d97-348e-4262-a61c-51ea6d298cfc" />
      <TestMethod codeBase="C:\Users\migue\Documents\LEI-SEM5-PI-2025-26-3DM-03\testes\Domain.Tests\bin\Release\net8.0\Domain.Tests.dll" adapterTypeName="executor://xunit/VsTestRunner2/netcoreapp" className="Domain.Tests.Tests.VesselMapperTests" name="IsValidImo_HandlesNullAndWhitespace" />
    </UnitTest>
    <UnitTest name="Domain.Tests.DockDomainTests.Dock_Defaults_AreInitialized" storage="c:\users\migue\documents\lei-sem5-pi-2025-26-3dm-03\testes\domain.tests\bin\release\net8.0\domain.tests.dll" id="a0a99421-8a7e-75e1-f2b6-ea20018dd221">
      <Execution id="1e20a565-3ebb-4144-a55c-5a0b9ea0fb1c" />
      <TestMethod codeBase="C:\Users\migue\Documents\LEI-SEM5-PI-2025-26-3DM-03\testes\Domain.Tests\bin\Release\net8.0\Domain.Tests.dll" adapterTypeName="executor://xunit/VsTestRunner2/netcoreapp" className="Domain.Tests.DockDomainTests" name="Dock_Defaults_AreInitialized" />
    </UnitTest>
  </TestDefinitions>
  <TestEntries>
    <TestEntry testId="7eae650c-822f-265d-ea97-73a9efb203f3" executionId="d35dcac8-d6f1-43c6-98ca-8a1bda05f5a7" testListId="8c84fa94-04c1-424b-9868-57a2d4851a1d" />
    <TestEntry testId="a7176afd-5c2b-34b2-97a2-6b03f1ac5c0a" executionId="113cddad-13a5-453a-a382-cbec6ef06aff" testListId="8c84fa94-04c1-424b-9868-57a2d4851a1d" />
    <TestEntry testId="498a8c61-e9dc-a366-c57d-f8bfff28a463" executionId="9b16d999-d38f-4894-994e-304f18ce0168" testListId="8c84fa94-04c1-424b-9868-57a2d4851a1d" />
    <TestEntry testId="3b569bf1-19d1-2199-383f-674822675fa9" executionId="9b0e23e8-b26e-4af1-bf41-729cde11054d" testListId="8c84fa94-04c1-424b-9868-57a2d4851a1d" />
    <TestEntry testId="140e48d2-a0bd-fdce-22df-7e304e4d1d6a" executionId="b7f67fa2-2946-4e07-ab4b-a18b0ac4f7a2" testListId="8c84fa94-04c1-424b-9868-57a2d4851a1d" />
    <TestEntry testId="542c7be5-762d-8e57-382f-c91ec9d13e42" executionId="ccb323b3-11a4-4d7a-8064-cdbe2906c42f" testListId="8c84fa94-04c1-424b-9868-57a2d4851a1d" />
    <TestEntry testId="17eec70a-3791-c993-6d2e-0ddd67d745f0" executionId="92f3e74e-0fc1-43df-866a-7ef04a6a139c" testListId="8c84fa94-04c1-424b-9868-57a2d4851a1d" />
    <TestEntry testId="1386ff9b-77c6-21ae-c498-5d17efa6e825" executionId="365d6967-a8bc-43d3-8d9e-951bab5f6024" testListId="8c84fa94-04c1-424b-9868-57a2d4851a1d" />
    <TestEntry testId="52ca4204-2985-701a-d677-d633f724ddd6" executionId="f4c9047d-8639-476b-88a0-542da07e47a5" testListId="8c84fa94-04c1-424b-9868-57a2d4851a1d" />
    <TestEntry testId="53f783e0-6618-b324-11e3-662375fb1b64" executionId="ddd9feea-c580-4c14-9b4d-9ef70a5266b1" testListId="8c84fa94-04c1-424b-9868-57a2d4851a1d" />
    <TestEntry testId="e44f283e-25ec-0695-5474-17f305ae7e11" executionId="472d2d97-348e-4262-a61c-51ea6d298cfc" testListId="8c84fa94-04c1-424b-9868-57a2d4851a1d" />
    <TestEntry testId="7e7a25a5-abf0-4a05-9948-a34690fa3776" executionId="5f93ef5c-8741-44c7-9acf-dac5e01028ca" testListId="8c84fa94-04c1-424b-9868-57a2d4851a1d" />
    <TestEntry testId="5298d510-1bd4-1afd-98fb-39e53c5c1b48" executionId="3321411d-4d17-4295-be25-6a01cd13725d" testListId="8c84fa94-04c1-424b-9868-57a2d4851a1d" />
    <TestEntry testId="c2629a74-6a33-8d07-56aa-f6f08af061da" executionId="e5448f79-1249-44cd-af2a-46258ab7f558" testListId="8c84fa94-04c1-424b-9868-57a2d4851a1d" />
    <TestEntry testId="67991d5f-efa7-dc80-0893-fcef50eabd13" executionId="53cf437b-95d7-4121-9574-e6847a7a0986" testListId="8c84fa94-04c1-424b-9868-57a2d4851a1d" />
    <TestEntry testId="701cfa00-0ba7-6c95-874f-2ea29af810fe" executionId="2abe304d-10e0-476e-a048-68b7daae6f07" testListId="8c84fa94-04c1-424b-9868-57a2d4851a1d" />
    <TestEntry testId="80e3dcae-1220-9328-f9bb-9f7f05781a58" executionId="f7ccb839-c462-4052-9188-648655fa8340" testListId="8c84fa94-04c1-424b-9868-57a2d4851a1d" />
    <TestEntry testId="707845d9-dbf7-a4e5-bfef-02d8870f47ae" executionId="e5bf5705-1b1c-4a96-80a1-3709d23c325b" testListId="8c84fa94-04c1-424b-9868-57a2d4851a1d" />
    <TestEntry testId="fa97ab58-69a3-7d9f-edd6-c1e66d96120c" executionId="dbdcd1a5-e9eb-428a-ba72-c0fb1067fa55" testListId="8c84fa94-04c1-424b-9868-57a2d4851a1d" />
    <TestEntry testId="44665ef2-9f23-4b7e-5bf8-5407059e4a6e" executionId="b6289757-4857-454c-9f09-5ea3885988dd" testListId="8c84fa94-04c1-424b-9868-57a2d4851a1d" />
    <TestEntry testId="08f41fa4-29e7-2059-3955-71a79f091713" executionId="887ad144-5595-42ac-a3b1-06200e6a35e1" testListId="8c84fa94-04c1-424b-9868-57a2d4851a1d" />
    <TestEntry testId="a0a99421-8a7e-75e1-f2b6-ea20018dd221" executionId="1e20a565-3ebb-4144-a55c-5a0b9ea0fb1c" testListId="8c84fa94-04c1-424b-9868-57a2d4851a1d" />
    <TestEntry testId="96f0fbac-2688-894a-d36b-fda49efb7059" executionId="e5b79b9f-a490-47bd-b490-373c0d12bb26" testListId="8c84fa94-04c1-424b-9868-57a2d4851a1d" />
    <TestEntry testId="3b49b1fc-266f-bbf1-a4e4-210cc180a65d" executionId="3d5e1492-b02d-4c22-b97b-118d502c0fc1" testListId="8c84fa94-04c1-424b-9868-57a2d4851a1d" />
    <TestEntry testId="c47e6e5c-e57e-15b5-aeec-04ac5af9d829" executionId="90534203-8588-4184-9cf6-660b3359c58d" testListId="8c84fa94-04c1-424b-9868-57a2d4851a1d" />
    <TestEntry testId="adccb776-b343-b85d-7013-8ce4227a9c22" executionId="007e57f5-380f-4e93-a0f1-31b7c41a3090" testListId="8c84fa94-04c1-424b-9868-57a2d4851a1d" />
    <TestEntry testId="f5c7e055-32f7-d6ee-fe92-7786613e69fe" executionId="8b74bcce-393f-4d5e-a1d0-29735a0aa090" testListId="8c84fa94-04c1-424b-9868-57a2d4851a1d" />
    <TestEntry testId="9c0d3837-f4c3-807a-6c6e-f558c2e97ba9" executionId="9ebe8f41-a318-4437-bbbe-720ffb0ef1a3" testListId="8c84fa94-04c1-424b-9868-57a2d4851a1d" />
    <TestEntry testId="b1ccd14c-45dd-f700-a650-62c7da017789" executionId="a696ac4e-b56d-4fae-9a8e-47103dcecf23" testListId="8c84fa94-04c1-424b-9868-57a2d4851a1d" />
    <TestEntry testId="9ed3cc46-6859-77b2-1ec8-ae5fe416f0a7" executionId="bee5a5a3-d04c-4f7a-a3bb-445a7e4d5b35" testListId="8c84fa94-04c1-424b-9868-57a2d4851a1d" />
    <TestEntry testId="c88a0165-0ca8-b382-7305-9ac1fcb8c567" executionId="628a1e0f-9259-4ab4-85c6-7be0403cb067" testListId="8c84fa94-04c1-424b-9868-57a2d4851a1d" />
    <TestEntry testId="d96fa0a0-a534-e3f2-64a5-aa2c8320b290" executionId="2c0a108c-ac2c-41aa-b1a0-8f3a7d1d9372" testListId="8c84fa94-04c1-424b-9868-57a2d4851a1d" />
    <TestEntry testId="d6504d2b-7d71-50c0-02a7-ee14d1f2321b" executionId="edb256fb-bba9-40ec-a8ca-db9595a7852c" testListId="8c84fa94-04c1-424b-9868-57a2d4851a1d" />
    <TestEntry testId="f5b08128-5bd5-737b-c661-2a2ece1c3e30" executionId="08651867-3d17-4be4-8d6f-b9b00d1777ae" testListId="8c84fa94-04c1-424b-9868-57a2d4851a1d" />
    <TestEntry testId="7a17744c-c123-f147-3c7b-22afd385eeda" executionId="904eb111-775a-4391-b3d2-7c1bad7bf58e" testListId="8c84fa94-04c1-424b-9868-57a2d4851a1d" />
    <TestEntry testId="2c4e27bc-ca2e-68ef-8524-91cb8b1514eb" executionId="d6cf6a73-927c-4326-a6e4-124ba2fc3e49" testListId="8c84fa94-04c1-424b-9868-57a2d4851a1d" />
    <TestEntry testId="45bb5074-5044-f3b3-30b3-facc15e4c610" executionId="132606ea-8cb7-4507-b567-17b42f0a3ace" testListId="8c84fa94-04c1-424b-9868-57a2d4851a1d" />
    <TestEntry testId="7fa6e26c-859e-2405-3004-eeb0cfc17977" executionId="17d64b69-cf9e-4728-b6c3-b0aed057ae08" testListId="8c84fa94-04c1-424b-9868-57a2d4851a1d" />
    <TestEntry testId="d8589cfe-4f0d-c60e-d04f-788e78a5f47f" executionId="ec152b9f-f005-463d-9256-de7625560785" testListId="8c84fa94-04c1-424b-9868-57a2d4851a1d" />
    <TestEntry testId="92190ae1-a9b9-0686-ee19-a50bddd86e78" executionId="5f3bbbf7-3952-4b53-9f4d-e39df2a2db3e" testListId="8c84fa94-04c1-424b-9868-57a2d4851a1d" />
    <TestEntry testId="f78ae9f6-075b-a989-a616-e93ef00eab1a" executionId="4eeb7888-bcd5-496e-8601-25462caea2a8" testListId="8c84fa94-04c1-424b-9868-57a2d4851a1d" />
    <TestEntry testId="3f46af7b-cded-5a3c-8b4f-b0fb3fa8ceb0" executionId="01b4367f-934f-4269-be22-78d06d6ffe1c" testListId="8c84fa94-04c1-424b-9868-57a2d4851a1d" />
    <TestEntry testId="3675f8ad-62c6-97d8-fbab-92411eb09d1a" executionId="730b10d8-8221-4cb6-bea8-4c719632c99e" testListId="8c84fa94-04c1-424b-9868-57a2d4851a1d" />
    <TestEntry testId="308fa144-2aa0-cd4e-463a-063c81fb14b6" executionId="964d7636-93b6-492d-a7e4-db9da057f70e" testListId="8c84fa94-04c1-424b-9868-57a2d4851a1d" />
    <TestEntry testId="4784f79c-9415-aad8-5057-239241a1e6fc" executionId="8d9068e4-03a9-4491-962e-3ac7d693d5b0" testListId="8c84fa94-04c1-424b-9868-57a2d4851a1d" />
    <TestEntry testId="2c17f4b8-1e0f-ad93-cfdb-a3df1b817822" executionId="efdec5a4-d8a9-484d-a70d-1695fbc550c0" testListId="8c84fa94-04c1-424b-9868-57a2d4851a1d" />
    <TestEntry testId="df2348c7-100f-3033-8054-3469a79d536c" executionId="39f447cb-fbb4-4a54-a4c4-5058c1274d54" testListId="8c84fa94-04c1-424b-9868-57a2d4851a1d" />
    <TestEntry testId="d823dd4b-ae1c-b71a-6679-aea3dda67c8b" executionId="30c33bd5-8e0d-4314-88f0-b4352d969f15" testListId="8c84fa94-04c1-424b-9868-57a2d4851a1d" />
    <TestEntry testId="641e409b-b593-4179-f4e3-447588487024" executionId="a726ab5f-07e0-40cb-905e-c677896a7576" testListId="8c84fa94-04c1-424b-9868-57a2d4851a1d" />
    <TestEntry testId="e2c935a8-0501-f02a-b8cb-9f93a6053384" executionId="e2256e45-b4cc-400c-8aca-ae985a962350" testListId="8c84fa94-04c1-424b-9868-57a2d4851a1d" />
    <TestEntry testId="5dec6ba8-2b86-03d9-aa50-c7bbc5a131e4" executionId="f76de10a-92af-4720-8391-a2184f8fb034" testListId="8c84fa94-04c1-424b-9868-57a2d4851a1d" />
    <TestEntry testId="e9432512-eb23-7a7c-b4b1-5c6dba6ac31d" executionId="8cd762c1-cd44-470d-8352-1b1c133905fe" testListId="8c84fa94-04c1-424b-9868-57a2d4851a1d" />
  </TestEntries>
  <TestLists>
    <TestList name="Results Not in a List" id="8c84fa94-04c1-424b-9868-57a2d4851a1d" />
    <TestList name="All Loaded Results" id="19431567-8539-422a-85d7-44ee4e166bda" />
  </TestLists>
  <ResultSummary outcome="Failed">
    <Counters total="52" executed="52" passed="51" failed="1" error="0" timeout="0" aborted="0" inconclusive="0" passedButRunAborted="0" notRunnable="0" notExecuted="0" disconnected="0" warning="0" completed="0" inProgress="0" pending="0" />
    <Output>
      <StdOut>[xUnit.net 00:00:00.00] xUnit.net VSTest Adapter v2.4.5+1caef2f33e (64-bit .NET 8.0.21)&#xD;
[xUnit.net 00:00:03.20]   Discovering: Domain.Tests&#xD;
[xUnit.net 00:00:03.25]   Discovered:  Domain.Tests&#xD;
[xUnit.net 00:00:03.25]   Starting:    Domain.Tests&#xD;
[xUnit.net 00:00:03.32]       Assert.Equal() Failure&#xD;
[xUnit.net 00:00:03.32]       Expected: False&#xD;
[xUnit.net 00:00:03.32]       Actual:   True&#xD;
[xUnit.net 00:00:03.32]       Stack Trace:&#xD;
[xUnit.net 00:00:03.32]         C:\Users\migue\Documents\LEI-SEM5-PI-2025-26-3DM-03\testes\Domain.Tests\Tests\VesselMapperTests.cs(20,0): at Domain.Tests.Tests.VesselMapperTests.IsValidImo_Works(String imo, Boolean expected)&#xD;
[xUnit.net 00:00:03.32]            at InvokeStub_VesselMapperTests.IsValidImo_Works(Object, Span`1)&#xD;
[xUnit.net 00:00:03.32]            at System.Reflection.MethodBaseInvoker.InvokeWithFewArgs(Object obj, BindingFlags invokeAttr, Binder binder, Object[] parameters, CultureInfo culture)&#xD;
[xUnit.net 00:00:03.32]   Finished:    Domain.Tests&#xD;
</StdOut>
    </Output>
    <RunInfos>
      <RunInfo computerName="DESKTOP-FVHUSAV" outcome="Error" timestamp="2025-11-11T21:40:10.2694153+00:00">
        <Text>[xUnit.net 00:00:03.32]     Domain.Tests.Tests.VesselMapperTests.IsValidImo_Works(imo: "1234560", expected: False) [FAIL]</Text>
      </RunInfo>
    </RunInfos>
  </ResultSummary>
</TestRun>