<?xml version="1.0" encoding="utf-8"?>
<TestRun id="01d55f11-5041-4178-9521-222aeb833156" name="migue@DESKTOP-FVHUSAV 2025-11-15 19:29:34" runUser="DESKTOP-FVHUSAV\migue" xmlns="http://microsoft.com/schemas/VisualStudio/TeamTest/2010">
  <Times creation="2025-11-15T19:29:34.2739485+00:00" queuing="2025-11-15T19:29:34.2739491+00:00" start="2025-11-15T19:29:30.2800542+00:00" finish="2025-11-15T19:29:34.3291003+00:00" />
  <TestSettings name="default" id="21d35628-d762-4cc5-bb5c-9ee94901eae4">
    <Deployment runDeploymentRoot="migue_DESKTOP-FVHUSAV_2025-11-15_19_29_34" />
  </TestSettings>
  <Results>
    <UnitTestResult executionId="56a01333-3d58-4102-a38f-a7c02c69ca1a" testId="45bb5074-5044-f3b3-30b3-facc15e4c610" testName="Domain.Tests.DockDomainTests.Dock_PropertyAssignment_WorksAndAllowsVesselTypes" computerName="DESKTOP-FVHUSAV" duration="00:00:00.0036594" startTime="2025-11-15T19:29:34.2505496+00:00" endTime="2025-11-15T19:29:34.2505496+00:00" testType="13cdc9d9-ddb5-4fa4-a97d-d965ccfc6d4b" outcome="Passed" testListId="8c84fa94-04c1-424b-9868-57a2d4851a1d" relativeResultsDirectory="56a01333-3d58-4102-a38f-a7c02c69ca1a" />
    <UnitTestResult executionId="cbc43db0-139f-4893-b4ac-a128e2981417" testId="f5b08128-5bd5-737b-c661-2a2ece1c3e30" testName="TodoApi.Domain.Tests.Models.ShippingOrganizations.ShippingAgentTests.ParameterizedConstructor_AssignsAllProperties" computerName="DESKTOP-FVHUSAV" duration="00:00:00.0014779" startTime="2025-11-15T19:29:34.2623876+00:00" endTime="2025-11-15T19:29:34.2623876+00:00" testType="13cdc9d9-ddb5-4fa4-a97d-d965ccfc6d4b" outcome="Passed" testListId="8c84fa94-04c1-424b-9868-57a2d4851a1d" relativeResultsDirectory="cbc43db0-139f-4893-b4ac-a128e2981417" />
    <UnitTestResult executionId="5099527f-f9cf-4baf-972d-630487cd416a" testId="67991d5f-efa7-dc80-0893-fcef50eabd13" testName="TodoApi.Domain.Tests.US226.RepresentativeManagementTests_US226.UpdateRepresentative_ContactData_WhileAssociatedToAgent_Succeeds" computerName="DESKTOP-FVHUSAV" duration="00:00:00.0029830" startTime="2025-11-15T19:29:34.2501489+00:00" endTime="2025-11-15T19:29:34.2501490+00:00" testType="13cdc9d9-ddb5-4fa4-a97d-d965ccfc6d4b" outcome="Passed" testListId="8c84fa94-04c1-424b-9868-57a2d4851a1d" relativeResultsDirectory="5099527f-f9cf-4baf-972d-630487cd416a" />
    <UnitTestResult executionId="9e31cf21-7367-41f7-a7ee-ce7b3f0ca02b" testId="d823dd4b-ae1c-b71a-6679-aea3dda67c8b" testName="Domain.Tests.StorageAreaTests.DockDistances_DefaultsEmptyAndAllowsUpdates" computerName="DESKTOP-FVHUSAV" duration="00:00:00.0050059" startTime="2025-11-15T19:29:34.2593765+00:00" endTime="2025-11-15T19:29:34.2593765+00:00" testType="13cdc9d9-ddb5-4fa4-a97d-d965ccfc6d4b" outcome="Passed" testListId="8c84fa94-04c1-424b-9868-57a2d4851a1d" relativeResultsDirectory="9e31cf21-7367-41f7-a7ee-ce7b3f0ca02b" />
    <UnitTestResult executionId="484f1135-ac5e-46bd-a21a-9f3df6baabf1" testId="f5c7e055-32f7-d6ee-fe92-7786613e69fe" testName="TodoApi.Domain.Tests.US226.RepresentativeManagementTests_US226.Representative_ShouldBeAssociatedWithExactlyOneAgent_AtAnyTime" computerName="DESKTOP-FVHUSAV" duration="00:00:00.0006271" startTime="2025-11-15T19:29:34.2618061+00:00" endTime="2025-11-15T19:29:34.2618062+00:00" testType="13cdc9d9-ddb5-4fa4-a97d-d965ccfc6d4b" outcome="Passed" testListId="8c84fa94-04c1-424b-9868-57a2d4851a1d" relativeResultsDirectory="484f1135-ac5e-46bd-a21a-9f3df6baabf1" />
    <UnitTestResult executionId="2af21ed7-f8a1-4168-bd7f-2c2743e58ba3" testId="542c7be5-762d-8e57-382f-c91ec9d13e42" testName="Domain.Tests.Tests.VesselMapperTests.IsValidImo_Works(imo: &quot;IMO 1234567&quot;, expected: True)" computerName="DESKTOP-FVHUSAV" duration="00:00:00.0042576" startTime="2025-11-15T19:29:34.2507593+00:00" endTime="2025-11-15T19:29:34.2507594+00:00" testType="13cdc9d9-ddb5-4fa4-a97d-d965ccfc6d4b" outcome="Passed" testListId="8c84fa94-04c1-424b-9868-57a2d4851a1d" relativeResultsDirectory="2af21ed7-f8a1-4168-bd7f-2c2743e58ba3" />
    <UnitTestResult executionId="a5b6164c-48f5-4447-af8c-1a7379e93d05" testId="308fa144-2aa0-cd4e-463a-063c81fb14b6" testName="Domain.Tests.VesselVisitNotificationTests.SubmissionTimestamp_DefaultsToNull_UponSubmitSetNotNull" computerName="DESKTOP-FVHUSAV" duration="00:00:00.0000983" startTime="2025-11-15T19:29:34.2627806+00:00" endTime="2025-11-15T19:29:34.2627806+00:00" testType="13cdc9d9-ddb5-4fa4-a97d-d965ccfc6d4b" outcome="Passed" testListId="8c84fa94-04c1-424b-9868-57a2d4851a1d" relativeResultsDirectory="a5b6164c-48f5-4447-af8c-1a7379e93d05" />
    <UnitTestResult executionId="da822f37-8db3-43a6-b528-221a7923cdc3" testId="80e3dcae-1220-9328-f9bb-9f7f05781a58" testName="Domain.Tests.ResourcesTests.Resource_AllProperties_ReadWrite" computerName="DESKTOP-FVHUSAV" duration="00:00:00.0030522" startTime="2025-11-15T19:29:34.2622741+00:00" endTime="2025-11-15T19:29:34.2622742+00:00" testType="13cdc9d9-ddb5-4fa4-a97d-d965ccfc6d4b" outcome="Passed" testListId="8c84fa94-04c1-424b-9868-57a2d4851a1d" relativeResultsDirectory="da822f37-8db3-43a6-b528-221a7923cdc3" />
    <UnitTestResult executionId="1d062a87-6c1a-4a0d-bec0-97210c99e03a" testId="52ca4204-2985-701a-d677-d633f724ddd6" testName="Domain.Tests.VesselsTests.Vessel_CanSetProperties" computerName="DESKTOP-FVHUSAV" duration="00:00:00.0003258" startTime="2025-11-15T19:29:34.2622454+00:00" endTime="2025-11-15T19:29:34.2622455+00:00" testType="13cdc9d9-ddb5-4fa4-a97d-d965ccfc6d4b" outcome="Passed" testListId="8c84fa94-04c1-424b-9868-57a2d4851a1d" relativeResultsDirectory="1d062a87-6c1a-4a0d-bec0-97210c99e03a" />
    <UnitTestResult executionId="3ed82c69-6e0f-4fc2-9916-c98f6454949d" testId="7e7a25a5-abf0-4a05-9948-a34690fa3776" testName="Domain.Tests.StaffTests.StaffMember_UpdateContactData_Succeeds" computerName="DESKTOP-FVHUSAV" duration="00:00:00.0001797" startTime="2025-11-15T19:29:34.2609540+00:00" endTime="2025-11-15T19:29:34.2609540+00:00" testType="13cdc9d9-ddb5-4fa4-a97d-d965ccfc6d4b" outcome="Passed" testListId="8c84fa94-04c1-424b-9868-57a2d4851a1d" relativeResultsDirectory="3ed82c69-6e0f-4fc2-9916-c98f6454949d" />
    <UnitTestResult executionId="b8bc5280-dc88-4bf6-a806-1d159cc5ee92" testId="e2c935a8-0501-f02a-b8cb-9f93a6053384" testName="TodoApi.Domain.Tests.US226.RepresentativeManagementTests_US226.CreateRepresentative_AndAssociateWithOneAgent_Succeeds" computerName="DESKTOP-FVHUSAV" duration="00:00:00.0002106" startTime="2025-11-15T19:29:34.2618653+00:00" endTime="2025-11-15T19:29:34.2618653+00:00" testType="13cdc9d9-ddb5-4fa4-a97d-d965ccfc6d4b" outcome="Passed" testListId="8c84fa94-04c1-424b-9868-57a2d4851a1d" relativeResultsDirectory="b8bc5280-dc88-4bf6-a806-1d159cc5ee92" />
    <UnitTestResult executionId="6e075409-1319-4c9d-ab1a-c508851fa61f" testId="2c4e27bc-ca2e-68ef-8524-91cb8b1514eb" testName="TodoApi.Domain.Tests.Models.ShippingOrganizations.ShippingAgentTests.DefaultConstructor_InitializesDefaults" computerName="DESKTOP-FVHUSAV" duration="00:00:00.0001669" startTime="2025-11-15T19:29:34.2626213+00:00" endTime="2025-11-15T19:29:34.2626214+00:00" testType="13cdc9d9-ddb5-4fa4-a97d-d965ccfc6d4b" outcome="Passed" testListId="8c84fa94-04c1-424b-9868-57a2d4851a1d" relativeResultsDirectory="6e075409-1319-4c9d-ab1a-c508851fa61f" />
    <UnitTestResult executionId="00da1c80-2f23-4d1f-b4b0-0e6e66c81bed" testId="1386ff9b-77c6-21ae-c498-5d17efa6e825" testName="Domain.Tests.VesselsTests.OperationalConstraints_CreateAndValidation" computerName="DESKTOP-FVHUSAV" duration="00:00:00.0005213" startTime="2025-11-15T19:29:34.2623412+00:00" endTime="2025-11-15T19:29:34.2623412+00:00" testType="13cdc9d9-ddb5-4fa4-a97d-d965ccfc6d4b" outcome="Passed" testListId="8c84fa94-04c1-424b-9868-57a2d4851a1d" relativeResultsDirectory="00da1c80-2f23-4d1f-b4b0-0e6e66c81bed" />
    <UnitTestResult executionId="f49fcf71-c76d-4804-97b7-2d70c30bcdcd" testId="96f0fbac-2688-894a-d36b-fda49efb7059" testName="Domain.Tests.ResourceQualificationTests.ResourceQualification_Roundtrip" computerName="DESKTOP-FVHUSAV" duration="00:00:00.0000567" startTime="2025-11-15T19:29:34.2600663+00:00" endTime="2025-11-15T19:29:34.2600664+00:00" testType="13cdc9d9-ddb5-4fa4-a97d-d965ccfc6d4b" outcome="Passed" testListId="8c84fa94-04c1-424b-9868-57a2d4851a1d" relativeResultsDirectory="f49fcf71-c76d-4804-97b7-2d70c30bcdcd" />
    <UnitTestResult executionId="39e61d6c-d49c-4baa-94b1-7c056b771201" testId="5dec6ba8-2b86-03d9-aa50-c7bbc5a131e4" testName="Domain.Tests.VesselsTests.OperationalConstraints_EqualityAndComponents" computerName="DESKTOP-FVHUSAV" duration="00:00:00.0012940" startTime="2025-11-15T19:29:34.2626800+00:00" endTime="2025-11-15T19:29:34.2626800+00:00" testType="13cdc9d9-ddb5-4fa4-a97d-d965ccfc6d4b" outcome="Passed" testListId="8c84fa94-04c1-424b-9868-57a2d4851a1d" relativeResultsDirectory="39e61d6c-d49c-4baa-94b1-7c056b771201" />
    <UnitTestResult executionId="1ee15e34-365c-4e5e-8568-edfd8d2d1442" testId="d6504d2b-7d71-50c0-02a7-ee14d1f2321b" testName="Domain.Tests.QualificationTests.Qualification_Constructors_Work" computerName="DESKTOP-FVHUSAV" duration="00:00:00.0028784" startTime="2025-11-15T19:29:34.2506114+00:00" endTime="2025-11-15T19:29:34.2506115+00:00" testType="13cdc9d9-ddb5-4fa4-a97d-d965ccfc6d4b" outcome="Passed" testListId="8c84fa94-04c1-424b-9868-57a2d4851a1d" relativeResultsDirectory="1ee15e34-365c-4e5e-8568-edfd8d2d1442" />
    <UnitTestResult executionId="5c16faa2-96b2-4e01-b0ba-059a571a89a7" testId="fa97ab58-69a3-7d9f-edd6-c1e66d96120c" testName="Domain.Tests.Tests.VesselMapperTests.IsValidImo_HandlesNullAndWhitespace(imo: &quot;&quot;, expected: False)" computerName="DESKTOP-FVHUSAV" duration="00:00:00.0000056" startTime="2025-11-15T19:29:34.2614047+00:00" endTime="2025-11-15T19:29:34.2614047+00:00" testType="13cdc9d9-ddb5-4fa4-a97d-d965ccfc6d4b" outcome="Passed" testListId="8c84fa94-04c1-424b-9868-57a2d4851a1d" relativeResultsDirectory="5c16faa2-96b2-4e01-b0ba-059a571a89a7" />
    <UnitTestResult executionId="e08ad780-377c-4e49-8018-4f35f8eee982" testId="08f41fa4-29e7-2059-3955-71a79f091713" testName="TodoApi.Domain.Tests.US226.RepresentativeManagementTests_US226.DeactivateRepresentative_SetsIsActiveFalse_AndRemainsAssociated" computerName="DESKTOP-FVHUSAV" duration="00:00:00.0002199" startTime="2025-11-15T19:29:34.2613454+00:00" endTime="2025-11-15T19:29:34.2613455+00:00" testType="13cdc9d9-ddb5-4fa4-a97d-d965ccfc6d4b" outcome="Passed" testListId="8c84fa94-04c1-424b-9868-57a2d4851a1d" relativeResultsDirectory="e08ad780-377c-4e49-8018-4f35f8eee982" />
    <UnitTestResult executionId="c8d10081-5384-47dc-8051-f1ca382225a8" testId="adccb776-b343-b85d-7013-8ce4227a9c22" testName="Domain.Tests.StaffTests.OperationalWindow_StartBeforeEnd" computerName="DESKTOP-FVHUSAV" duration="00:00:00.0001050" startTime="2025-11-15T19:29:34.2614453+00:00" endTime="2025-11-15T19:29:34.2614453+00:00" testType="13cdc9d9-ddb5-4fa4-a97d-d965ccfc6d4b" outcome="Passed" testListId="8c84fa94-04c1-424b-9868-57a2d4851a1d" relativeResultsDirectory="c8d10081-5384-47dc-8051-f1ca382225a8" />
    <UnitTestResult executionId="2f9208f6-6d83-4aa1-b3c3-c92bb4ca5717" testId="701cfa00-0ba7-6c95-874f-2ea29af810fe" testName="TodoApi.Domain.Tests.Models.Staff.OperationalWindowTests.StartTime_MustBeBefore_EndTime" computerName="DESKTOP-FVHUSAV" duration="00:00:00.0028321" startTime="2025-11-15T19:29:34.2506663+00:00" endTime="2025-11-15T19:29:34.2506665+00:00" testType="13cdc9d9-ddb5-4fa4-a97d-d965ccfc6d4b" outcome="Passed" testListId="8c84fa94-04c1-424b-9868-57a2d4851a1d" relativeResultsDirectory="2f9208f6-6d83-4aa1-b3c3-c92bb4ca5717" />
    <UnitTestResult executionId="4d7422a5-87f3-443a-87e5-c26963b2c2cc" testId="3675f8ad-62c6-97d8-fbab-92411eb09d1a" testName="Domain.Tests.ResourcesTests.RequiredQualifications_CanAddDuplicateCodes" computerName="DESKTOP-FVHUSAV" duration="00:00:00.0030672" startTime="2025-11-15T19:29:34.2505253+00:00" endTime="2025-11-15T19:29:34.2505260+00:00" testType="13cdc9d9-ddb5-4fa4-a97d-d965ccfc6d4b" outcome="Passed" testListId="8c84fa94-04c1-424b-9868-57a2d4851a1d" relativeResultsDirectory="4d7422a5-87f3-443a-87e5-c26963b2c2cc" />
    <UnitTestResult executionId="0159ce95-42da-428c-9c56-369979c548d9" testId="df2348c7-100f-3033-8054-3469a79d536c" testName="Domain.Tests.ResourcesTests.Resource_DefaultStatusActive_AndQualificationsList" computerName="DESKTOP-FVHUSAV" duration="00:00:00.0001011" startTime="2025-11-15T19:29:34.2623006+00:00" endTime="2025-11-15T19:29:34.2623006+00:00" testType="13cdc9d9-ddb5-4fa4-a97d-d965ccfc6d4b" outcome="Passed" testListId="8c84fa94-04c1-424b-9868-57a2d4851a1d" relativeResultsDirectory="0159ce95-42da-428c-9c56-369979c548d9" />
    <UnitTestResult executionId="29270f67-e8fa-43cd-85d7-525343b0a40f" testId="707845d9-dbf7-a4e5-bfef-02d8870f47ae" testName="TodoApi.Domain.Tests.Models.Staff.StaffQualificationTests.StaffMember_CanAdd_Qualifications" computerName="DESKTOP-FVHUSAV" duration="00:00:00.0034066" startTime="2025-11-15T19:29:34.2593554+00:00" endTime="2025-11-15T19:29:34.2593556+00:00" testType="13cdc9d9-ddb5-4fa4-a97d-d965ccfc6d4b" outcome="Passed" testListId="8c84fa94-04c1-424b-9868-57a2d4851a1d" relativeResultsDirectory="29270f67-e8fa-43cd-85d7-525343b0a40f" />
    <UnitTestResult executionId="ad51b994-da79-47e6-bf36-2e09e991df2d" testId="a7176afd-5c2b-34b2-97a2-6b03f1ac5c0a" testName="Domain.Tests.Tests.VesselMapperTests.IsValidImo_Works(imo: &quot;abcdefg&quot;, expected: False)" computerName="DESKTOP-FVHUSAV" duration="00:00:00.0000113" startTime="2025-11-15T19:29:34.2609948+00:00" endTime="2025-11-15T19:29:34.2609948+00:00" testType="13cdc9d9-ddb5-4fa4-a97d-d965ccfc6d4b" outcome="Passed" testListId="8c84fa94-04c1-424b-9868-57a2d4851a1d" relativeResultsDirectory="ad51b994-da79-47e6-bf36-2e09e991df2d" />
    <UnitTestResult executionId="786beeb5-b7a9-481e-bd24-715edf07d0b6" testId="a0a99421-8a7e-75e1-f2b6-ea20018dd221" testName="Domain.Tests.DockDomainTests.Dock_Defaults_AreInitialized" computerName="DESKTOP-FVHUSAV" duration="00:00:00.0003009" startTime="2025-11-15T19:29:34.2617735+00:00" endTime="2025-11-15T19:29:34.2617735+00:00" testType="13cdc9d9-ddb5-4fa4-a97d-d965ccfc6d4b" outcome="Passed" testListId="8c84fa94-04c1-424b-9868-57a2d4851a1d" relativeResultsDirectory="786beeb5-b7a9-481e-bd24-715edf07d0b6" />
    <UnitTestResult executionId="b250c384-96b1-47fb-b919-778b54981f99" testId="b1ccd14c-45dd-f700-a650-62c7da017789" testName="Domain.Tests.StorageAreaTests.StorageArea_SetPropsAndCollections" computerName="DESKTOP-FVHUSAV" duration="00:00:00.0018958" startTime="2025-11-15T19:29:34.2619724+00:00" endTime="2025-11-15T19:29:34.2619725+00:00" testType="13cdc9d9-ddb5-4fa4-a97d-d965ccfc6d4b" outcome="Passed" testListId="8c84fa94-04c1-424b-9868-57a2d4851a1d" relativeResultsDirectory="b250c384-96b1-47fb-b919-778b54981f99" />
    <UnitTestResult executionId="0cea6cd4-833d-487a-b7c8-c6afa671d552" testId="4784f79c-9415-aad8-5057-239241a1e6fc" testName="Domain.Tests.StaffTests.StaffMember_DefaultsAndQualifications" computerName="DESKTOP-FVHUSAV" duration="00:00:00.0002375" startTime="2025-11-15T19:29:34.2613534+00:00" endTime="2025-11-15T19:29:34.2613535+00:00" testType="13cdc9d9-ddb5-4fa4-a97d-d965ccfc6d4b" outcome="Passed" testListId="8c84fa94-04c1-424b-9868-57a2d4851a1d" relativeResultsDirectory="0cea6cd4-833d-487a-b7c8-c6afa671d552" />
    <UnitTestResult executionId="8a31f1fd-5bad-448a-9ea6-f9d52a41a542" testId="d96fa0a0-a534-e3f2-64a5-aa2c8320b290" testName="Domain.Tests.ResourceQualificationTests.ResourceQualification_IdAndCode_ReadWrite" computerName="DESKTOP-FVHUSAV" duration="00:00:00.0030151" startTime="2025-11-15T19:29:34.2505893+00:00" endTime="2025-11-15T19:29:34.2505894+00:00" testType="13cdc9d9-ddb5-4fa4-a97d-d965ccfc6d4b" outcome="Passed" testListId="8c84fa94-04c1-424b-9868-57a2d4851a1d" relativeResultsDirectory="8a31f1fd-5bad-448a-9ea6-f9d52a41a542" />
    <UnitTestResult executionId="e89f3fa1-bfa5-4e6c-8742-ae4780fb521d" testId="140e48d2-a0bd-fdce-22df-7e304e4d1d6a" testName="Domain.Tests.ShippingAgentTypeTests.Constructor_RejectsInvalidValue" computerName="DESKTOP-FVHUSAV" duration="00:00:00.0029380" startTime="2025-11-15T19:29:34.2476105+00:00" endTime="2025-11-15T19:29:34.2476370+00:00" testType="13cdc9d9-ddb5-4fa4-a97d-d965ccfc6d4b" outcome="Passed" testListId="8c84fa94-04c1-424b-9868-57a2d4851a1d" relativeResultsDirectory="e89f3fa1-bfa5-4e6c-8742-ae4780fb521d" />
    <UnitTestResult executionId="ddcb02ae-c359-4b24-8415-a12df745ce9a" testId="f78ae9f6-075b-a989-a616-e93ef00eab1a" testName="Domain.Tests.QualificationTests.Qualification_AllowsEmptyDescription" computerName="DESKTOP-FVHUSAV" duration="00:00:00.0000558" startTime="2025-11-15T19:29:34.2600808+00:00" endTime="2025-11-15T19:29:34.2600808+00:00" testType="13cdc9d9-ddb5-4fa4-a97d-d965ccfc6d4b" outcome="Passed" testListId="8c84fa94-04c1-424b-9868-57a2d4851a1d" relativeResultsDirectory="ddcb02ae-c359-4b24-8415-a12df745ce9a" />
    <UnitTestResult executionId="2a2a58ec-3d62-4573-9d96-33814beed60e" testId="7eae650c-822f-265d-ea97-73a9efb203f3" testName="Domain.Tests.ShippingAgentTypeTests.Constructor_RejectsNullOrEmpty" computerName="DESKTOP-FVHUSAV" duration="00:00:00.0002829" startTime="2025-11-15T19:29:34.2626396+00:00" endTime="2025-11-15T19:29:34.2626396+00:00" testType="13cdc9d9-ddb5-4fa4-a97d-d965ccfc6d4b" outcome="Passed" testListId="8c84fa94-04c1-424b-9868-57a2d4851a1d" relativeResultsDirectory="2a2a58ec-3d62-4573-9d96-33814beed60e" />
    <UnitTestResult executionId="4f20c16c-4584-41f1-b02d-088b4ed7aeae" testId="3b49b1fc-266f-bbf1-a4e4-210cc180a65d" testName="Domain.Tests.Tests.VesselMapperTests.IsValidImo_Works(imo: &quot;1234567&quot;, expected: True)" computerName="DESKTOP-FVHUSAV" duration="00:00:00.0000049" startTime="2025-11-15T19:29:34.2610393+00:00" endTime="2025-11-15T19:29:34.2610393+00:00" testType="13cdc9d9-ddb5-4fa4-a97d-d965ccfc6d4b" outcome="Passed" testListId="8c84fa94-04c1-424b-9868-57a2d4851a1d" relativeResultsDirectory="4f20c16c-4584-41f1-b02d-088b4ed7aeae" />
    <UnitTestResult executionId="19e4e9ac-10cc-4cce-a1ea-279a83dcded7" testId="c2629a74-6a33-8d07-56aa-f6f08af061da" testName="Domain.Tests.Tests.VesselMapperTests.IsValidImo_HandlesNullAndWhitespace(imo: null, expected: False)" computerName="DESKTOP-FVHUSAV" duration="00:00:00.0000688" startTime="2025-11-15T19:29:34.2613187+00:00" endTime="2025-11-15T19:29:34.2613188+00:00" testType="13cdc9d9-ddb5-4fa4-a97d-d965ccfc6d4b" outcome="Passed" testListId="8c84fa94-04c1-424b-9868-57a2d4851a1d" relativeResultsDirectory="19e4e9ac-10cc-4cce-a1ea-279a83dcded7" />
    <UnitTestResult executionId="7c7c5325-2073-4033-b40e-74127abdde8f" testId="3b569bf1-19d1-2199-383f-674822675fa9" testName="Domain.Tests.ContainerAndCrewTests.ContainerItem_RoundtripProperties" computerName="DESKTOP-FVHUSAV" duration="00:00:00.0034265" startTime="2025-11-15T19:29:34.2505675+00:00" endTime="2025-11-15T19:29:34.2505676+00:00" testType="13cdc9d9-ddb5-4fa4-a97d-d965ccfc6d4b" outcome="Passed" testListId="8c84fa94-04c1-424b-9868-57a2d4851a1d" relativeResultsDirectory="7c7c5325-2073-4033-b40e-74127abdde8f" />
    <UnitTestResult executionId="f83a9b8f-de4e-497e-8e7b-51eace533448" testId="5298d510-1bd4-1afd-98fb-39e53c5c1b48" testName="TodoApi.Domain.Tests.Models.Staff.StaffQualificationTests.Default_Qualification_Has_DefaultValues" computerName="DESKTOP-FVHUSAV" duration="00:00:00.0000930" startTime="2025-11-15T19:29:34.2608130+00:00" endTime="2025-11-15T19:29:34.2608130+00:00" testType="13cdc9d9-ddb5-4fa4-a97d-d965ccfc6d4b" outcome="Passed" testListId="8c84fa94-04c1-424b-9868-57a2d4851a1d" relativeResultsDirectory="f83a9b8f-de4e-497e-8e7b-51eace533448" />
    <UnitTestResult executionId="f1b8da4b-9568-428f-9df2-17a162b7dae2" testId="44665ef2-9f23-4b7e-5bf8-5407059e4a6e" testName="Domain.Tests.ContainerAndCrewTests.CrewMember_RoundtripProperties" computerName="DESKTOP-FVHUSAV" duration="00:00:00.0002694" startTime="2025-11-15T19:29:34.2618293+00:00" endTime="2025-11-15T19:29:34.2618293+00:00" testType="13cdc9d9-ddb5-4fa4-a97d-d965ccfc6d4b" outcome="Passed" testListId="8c84fa94-04c1-424b-9868-57a2d4851a1d" relativeResultsDirectory="f1b8da4b-9568-428f-9df2-17a162b7dae2" />
    <UnitTestResult executionId="8dc216cf-91e1-409e-a71b-e09b5633a6be" testId="641e409b-b593-4179-f4e3-447588487024" testName="Domain.Tests.ShippingAgentTypeTests.Canonicalization_ToString_And_GetHashCode" computerName="DESKTOP-FVHUSAV" duration="00:00:00.0001540" startTime="2025-11-15T19:29:34.2626635+00:00" endTime="2025-11-15T19:29:34.2626636+00:00" testType="13cdc9d9-ddb5-4fa4-a97d-d965ccfc6d4b" outcome="Passed" testListId="8c84fa94-04c1-424b-9868-57a2d4851a1d" relativeResultsDirectory="8dc216cf-91e1-409e-a71b-e09b5633a6be" />
    <UnitTestResult executionId="640febf0-7ed8-469f-9fcf-56d614a18ef8" testId="498a8c61-e9dc-a366-c57d-f8bfff28a463" testName="Domain.Tests.VesselTypeTests.Update_Works" computerName="DESKTOP-FVHUSAV" duration="00:00:00.0001370" startTime="2025-11-15T19:29:34.2627411+00:00" endTime="2025-11-15T19:29:34.2627411+00:00" testType="13cdc9d9-ddb5-4fa4-a97d-d965ccfc6d4b" outcome="Passed" testListId="8c84fa94-04c1-424b-9868-57a2d4851a1d" relativeResultsDirectory="640febf0-7ed8-469f-9fcf-56d614a18ef8" />
    <UnitTestResult executionId="a904e6a1-5bbf-4809-936f-1118be881666" testId="e44f283e-25ec-0695-5474-17f305ae7e11" testName="Domain.Tests.Tests.VesselMapperTests.IsValidImo_HandlesNullAndWhitespace(imo: &quot;   &quot;, expected: False)" computerName="DESKTOP-FVHUSAV" duration="00:00:00.0001354" startTime="2025-11-15T19:29:34.2613778+00:00" endTime="2025-11-15T19:29:34.2613779+00:00" testType="13cdc9d9-ddb5-4fa4-a97d-d965ccfc6d4b" outcome="Passed" testListId="8c84fa94-04c1-424b-9868-57a2d4851a1d" relativeResultsDirectory="a904e6a1-5bbf-4809-936f-1118be881666" />
    <UnitTestResult executionId="f87705cf-eb0c-4c78-a009-fbf78c95c3cb" testId="3f46af7b-cded-5a3c-8b4f-b0fb3fa8ceb0" testName="Domain.Tests.VesselVisitNotificationTests.CanSetPropertiesAndDefaultStatusIsInProgress" computerName="DESKTOP-FVHUSAV" duration="00:00:00.0001185" startTime="2025-11-15T19:29:34.2630230+00:00" endTime="2025-11-15T19:29:34.2630231+00:00" testType="13cdc9d9-ddb5-4fa4-a97d-d965ccfc6d4b" outcome="Passed" testListId="8c84fa94-04c1-424b-9868-57a2d4851a1d" relativeResultsDirectory="f87705cf-eb0c-4c78-a009-fbf78c95c3cb" />
    <UnitTestResult executionId="95a66b09-b88a-4a9f-932e-38e6d1c48c68" testId="c88a0165-0ca8-b382-7305-9ac1fcb8c567" testName="Domain.Tests.StaffTests.StaffMember_Deactivate_SetsActiveFalse" computerName="DESKTOP-FVHUSAV" duration="00:00:00.0000774" startTime="2025-11-15T19:29:34.2614185+00:00" endTime="2025-11-15T19:29:34.2614186+00:00" testType="13cdc9d9-ddb5-4fa4-a97d-d965ccfc6d4b" outcome="Passed" testListId="8c84fa94-04c1-424b-9868-57a2d4851a1d" relativeResultsDirectory="95a66b09-b88a-4a9f-932e-38e6d1c48c68" />
    <UnitTestResult executionId="231d9804-5748-47af-8e93-9ba182fe0378" testId="d8589cfe-4f0d-c60e-d04f-788e78a5f47f" testName="Domain.Tests.VesselTypeTests.Create_WithValidValues_Succeeds" computerName="DESKTOP-FVHUSAV" duration="00:00:00.0003544" startTime="2025-11-15T19:29:34.2623176+00:00" endTime="2025-11-15T19:29:34.2623177+00:00" testType="13cdc9d9-ddb5-4fa4-a97d-d965ccfc6d4b" outcome="Passed" testListId="8c84fa94-04c1-424b-9868-57a2d4851a1d" relativeResultsDirectory="231d9804-5748-47af-8e93-9ba182fe0378" />
    <UnitTestResult executionId="7a40bbd1-cb6c-46c9-92ff-112989b00107" testId="7a17744c-c123-f147-3c7b-22afd385eeda" testName="Domain.Tests.VesselVisitNotificationTests.VesselVisitNotification_Defaults_And_PropertySetters" computerName="DESKTOP-FVHUSAV" duration="00:00:00.0043355" startTime="2025-11-15T19:29:34.2627575+00:00" endTime="2025-11-15T19:29:34.2627575+00:00" testType="13cdc9d9-ddb5-4fa4-a97d-d965ccfc6d4b" outcome="Passed" testListId="8c84fa94-04c1-424b-9868-57a2d4851a1d" relativeResultsDirectory="7a40bbd1-cb6c-46c9-92ff-112989b00107" />
    <UnitTestResult executionId="adbdbec0-5550-40af-a09c-74f122507f2b" testId="53f783e0-6618-b324-11e3-662375fb1b64" testName="Domain.Tests.Tests.VesselMapperTests.IsValidImo_Works(imo: &quot;1234560&quot;, expected: False)" computerName="DESKTOP-FVHUSAV" duration="00:00:00.0000097" startTime="2025-11-15T19:29:34.2609312+00:00" endTime="2025-11-15T19:29:34.2609313+00:00" testType="13cdc9d9-ddb5-4fa4-a97d-d965ccfc6d4b" outcome="Passed" testListId="8c84fa94-04c1-424b-9868-57a2d4851a1d" relativeResultsDirectory="adbdbec0-5550-40af-a09c-74f122507f2b" />
    <UnitTestResult executionId="67d4b947-0459-414b-b2b6-2a117a51846d" testId="c47e6e5c-e57e-15b5-aeec-04ac5af9d829" testName="Domain.Tests.VesselVisitNotificationTests.CargoAndCrewCollections_BehaveAsLists" computerName="DESKTOP-FVHUSAV" duration="00:00:00.0001700" startTime="2025-11-15T19:29:34.2630493+00:00" endTime="2025-11-15T19:29:34.2630494+00:00" testType="13cdc9d9-ddb5-4fa4-a97d-d965ccfc6d4b" outcome="Passed" testListId="8c84fa94-04c1-424b-9868-57a2d4851a1d" relativeResultsDirectory="67d4b947-0459-414b-b2b6-2a117a51846d" />
    <UnitTestResult executionId="c152c6e8-7b08-4190-9730-fbe6a5f3cb87" testId="e9432512-eb23-7a7c-b4b1-5c6dba6ac31d" testName="Domain.Tests.ContainerAndCrewTests.ContainerCode_NotEmptyAndHasExpectedFormatLength" computerName="DESKTOP-FVHUSAV" duration="00:00:00.0011199" startTime="2025-11-15T19:29:34.2617422+00:00" endTime="2025-11-15T19:29:34.2617423+00:00" testType="13cdc9d9-ddb5-4fa4-a97d-d965ccfc6d4b" outcome="Passed" testListId="8c84fa94-04c1-424b-9868-57a2d4851a1d" relativeResultsDirectory="c152c6e8-7b08-4190-9730-fbe6a5f3cb87" />
    <UnitTestResult executionId="0834d9b1-bc1e-4273-b4b3-69224234c0c8" testId="7fa6e26c-859e-2405-3004-eeb0cfc17977" testName="Domain.Tests.Tests.VesselMapperTests.IsValidImo_Works(imo: &quot;IMO1234567&quot;, expected: True)" computerName="DESKTOP-FVHUSAV" duration="00:00:00.0002286" startTime="2025-11-15T19:29:34.2608638+00:00" endTime="2025-11-15T19:29:34.2608638+00:00" testType="13cdc9d9-ddb5-4fa4-a97d-d965ccfc6d4b" outcome="Passed" testListId="8c84fa94-04c1-424b-9868-57a2d4851a1d" relativeResultsDirectory="0834d9b1-bc1e-4273-b4b3-69224234c0c8" />
    <UnitTestResult executionId="53e8a6ca-c56e-4280-81c8-bb33a3a0e8f3" testId="17eec70a-3791-c993-6d2e-0ddd67d745f0" testName="Domain.Tests.VesselTypeTests.Update_InvalidArguments_Throws" computerName="DESKTOP-FVHUSAV" duration="00:00:00.0016579" startTime="2025-11-15T19:29:34.2626958+00:00" endTime="2025-11-15T19:29:34.2626959+00:00" testType="13cdc9d9-ddb5-4fa4-a97d-d965ccfc6d4b" outcome="Passed" testListId="8c84fa94-04c1-424b-9868-57a2d4851a1d" relativeResultsDirectory="53e8a6ca-c56e-4280-81c8-bb33a3a0e8f3" />
    <UnitTestResult executionId="fe6e5da6-9e23-42d4-8e2c-68c081bf3cc3" testId="92190ae1-a9b9-0686-ee19-a50bddd86e78" testName="TodoApi.Domain.Tests.Models.Staff.OperationalWindowTests.Can_Set_And_Read_Times" computerName="DESKTOP-FVHUSAV" duration="00:00:00.0011238" startTime="2025-11-15T19:29:34.2617879+00:00" endTime="2025-11-15T19:29:34.2617880+00:00" testType="13cdc9d9-ddb5-4fa4-a97d-d965ccfc6d4b" outcome="Passed" testListId="8c84fa94-04c1-424b-9868-57a2d4851a1d" relativeResultsDirectory="fe6e5da6-9e23-42d4-8e2c-68c081bf3cc3" />
    <UnitTestResult executionId="bfac58cf-ad48-483b-ae9b-59a0b86ebc23" testId="9c0d3837-f4c3-807a-6c6e-f558c2e97ba9" testName="Domain.Tests.StaffTests.StaffMember_CanAddAndRemoveQualifications" computerName="DESKTOP-FVHUSAV" duration="00:00:00.0033878" startTime="2025-11-15T19:29:34.2506287+00:00" endTime="2025-11-15T19:29:34.2506288+00:00" testType="13cdc9d9-ddb5-4fa4-a97d-d965ccfc6d4b" outcome="Passed" testListId="8c84fa94-04c1-424b-9868-57a2d4851a1d" relativeResultsDirectory="bfac58cf-ad48-483b-ae9b-59a0b86ebc23" />
    <UnitTestResult executionId="0efe45ea-d5af-445a-88e4-9059ea96bc94" testId="9ed3cc46-6859-77b2-1ec8-ae5fe416f0a7" testName="Domain.Tests.ShippingAgentTypeTests.OwnerAndOperator_ImplicitConversionAndEquality" computerName="DESKTOP-FVHUSAV" duration="00:00:00.0038661" startTime="2025-11-15T19:29:34.2623653+00:00" endTime="2025-11-15T19:29:34.2623653+00:00" testType="13cdc9d9-ddb5-4fa4-a97d-d965ccfc6d4b" outcome="Passed" testListId="8c84fa94-04c1-424b-9868-57a2d4851a1d" relativeResultsDirectory="0efe45ea-d5af-445a-88e4-9059ea96bc94" />
    <UnitTestResult executionId="616154c4-30b1-4049-9896-2fd754ffb2fd" testId="2c17f4b8-1e0f-ad93-cfdb-a3df1b817822" testName="Domain.Tests.VesselTypeTests.Create_InvalidParameters_Throws" computerName="DESKTOP-FVHUSAV" duration="00:00:00.0003672" startTime="2025-11-15T19:29:34.2627189+00:00" endTime="2025-11-15T19:29:34.2627190+00:00" testType="13cdc9d9-ddb5-4fa4-a97d-d965ccfc6d4b" outcome="Passed" testListId="8c84fa94-04c1-424b-9868-57a2d4851a1d" relativeResultsDirectory="616154c4-30b1-4049-9896-2fd754ffb2fd" />
  </Results>
  <TestDefinitions>
    <UnitTest name="Domain.Tests.StorageAreaTests.DockDistances_DefaultsEmptyAndAllowsUpdates" storage="c:\users\migue\documents\lei-sem5-pi-2025-26-3dm-03\testes\domain.tests\bin\release\net8.0\domain.tests.dll" id="d823dd4b-ae1c-b71a-6679-aea3dda67c8b">
      <Execution id="9e31cf21-7367-41f7-a7ee-ce7b3f0ca02b" />
      <TestMethod codeBase="C:\Users\migue\Documents\LEI-SEM5-PI-2025-26-3DM-03\testes\Domain.Tests\bin\Release\net8.0\Domain.Tests.dll" adapterTypeName="executor://xunit/VsTestRunner2/netcoreapp" className="Domain.Tests.StorageAreaTests" name="DockDistances_DefaultsEmptyAndAllowsUpdates" />
    </UnitTest>
    <UnitTest name="Domain.Tests.VesselVisitNotificationTests.VesselVisitNotification_Defaults_And_PropertySetters" storage="c:\users\migue\documents\lei-sem5-pi-2025-26-3dm-03\testes\domain.tests\bin\release\net8.0\domain.tests.dll" id="7a17744c-c123-f147-3c7b-22afd385eeda">
      <Execution id="7a40bbd1-cb6c-46c9-92ff-112989b00107" />
      <TestMethod codeBase="C:\Users\migue\Documents\LEI-SEM5-PI-2025-26-3DM-03\testes\Domain.Tests\bin\Release\net8.0\Domain.Tests.dll" adapterTypeName="executor://xunit/VsTestRunner2/netcoreapp" className="Domain.Tests.VesselVisitNotificationTests" name="VesselVisitNotification_Defaults_And_PropertySetters" />
    </UnitTest>
    <UnitTest name="Domain.Tests.StaffTests.StaffMember_UpdateContactData_Succeeds" storage="c:\users\migue\documents\lei-sem5-pi-2025-26-3dm-03\testes\domain.tests\bin\release\net8.0\domain.tests.dll" id="7e7a25a5-abf0-4a05-9948-a34690fa3776">
      <Execution id="3ed82c69-6e0f-4fc2-9916-c98f6454949d" />
      <TestMethod codeBase="C:\Users\migue\Documents\LEI-SEM5-PI-2025-26-3DM-03\testes\Domain.Tests\bin\Release\net8.0\Domain.Tests.dll" adapterTypeName="executor://xunit/VsTestRunner2/netcoreapp" className="Domain.Tests.StaffTests" name="StaffMember_UpdateContactData_Succeeds" />
    </UnitTest>
    <UnitTest name="Domain.Tests.StaffTests.OperationalWindow_StartBeforeEnd" storage="c:\users\migue\documents\lei-sem5-pi-2025-26-3dm-03\testes\domain.tests\bin\release\net8.0\domain.tests.dll" id="adccb776-b343-b85d-7013-8ce4227a9c22">
      <Execution id="c8d10081-5384-47dc-8051-f1ca382225a8" />
      <TestMethod codeBase="C:\Users\migue\Documents\LEI-SEM5-PI-2025-26-3DM-03\testes\Domain.Tests\bin\Release\net8.0\Domain.Tests.dll" adapterTypeName="executor://xunit/VsTestRunner2/netcoreapp" className="Domain.Tests.StaffTests" name="OperationalWindow_StartBeforeEnd" />
    </UnitTest>
    <UnitTest name="TodoApi.Domain.Tests.US226.RepresentativeManagementTests_US226.DeactivateRepresentative_SetsIsActiveFalse_AndRemainsAssociated" storage="c:\users\migue\documents\lei-sem5-pi-2025-26-3dm-03\testes\domain.tests\bin\release\net8.0\domain.tests.dll" id="08f41fa4-29e7-2059-3955-71a79f091713">
      <Execution id="e08ad780-377c-4e49-8018-4f35f8eee982" />
      <TestMethod codeBase="C:\Users\migue\Documents\LEI-SEM5-PI-2025-26-3DM-03\testes\Domain.Tests\bin\Release\net8.0\Domain.Tests.dll" adapterTypeName="executor://xunit/VsTestRunner2/netcoreapp" className="TodoApi.Domain.Tests.US226.RepresentativeManagementTests_US226" name="DeactivateRepresentative_SetsIsActiveFalse_AndRemainsAssociated" />
    </UnitTest>
    <UnitTest name="Domain.Tests.StaffTests.StaffMember_CanAddAndRemoveQualifications" storage="c:\users\migue\documents\lei-sem5-pi-2025-26-3dm-03\testes\domain.tests\bin\release\net8.0\domain.tests.dll" id="9c0d3837-f4c3-807a-6c6e-f558c2e97ba9">
      <Execution id="bfac58cf-ad48-483b-ae9b-59a0b86ebc23" />
      <TestMethod codeBase="C:\Users\migue\Documents\LEI-SEM5-PI-2025-26-3DM-03\testes\Domain.Tests\bin\Release\net8.0\Domain.Tests.dll" adapterTypeName="executor://xunit/VsTestRunner2/netcoreapp" className="Domain.Tests.StaffTests" name="StaffMember_CanAddAndRemoveQualifications" />
    </UnitTest>
    <UnitTest name="Domain.Tests.ResourcesTests.Resource_DefaultStatusActive_AndQualificationsList" storage="c:\users\migue\documents\lei-sem5-pi-2025-26-3dm-03\testes\domain.tests\bin\release\net8.0\domain.tests.dll" id="df2348c7-100f-3033-8054-3469a79d536c">
      <Execution id="0159ce95-42da-428c-9c56-369979c548d9" />
      <TestMethod codeBase="C:\Users\migue\Documents\LEI-SEM5-PI-2025-26-3DM-03\testes\Domain.Tests\bin\Release\net8.0\Domain.Tests.dll" adapterTypeName="executor://xunit/VsTestRunner2/netcoreapp" className="Domain.Tests.ResourcesTests" name="Resource_DefaultStatusActive_AndQualificationsList" />
    </UnitTest>
    <UnitTest name="TodoApi.Domain.Tests.Models.ShippingOrganizations.ShippingAgentTests.DefaultConstructor_InitializesDefaults" storage="c:\users\migue\documents\lei-sem5-pi-2025-26-3dm-03\testes\domain.tests\bin\release\net8.0\domain.tests.dll" id="2c4e27bc-ca2e-68ef-8524-91cb8b1514eb">
      <Execution id="6e075409-1319-4c9d-ab1a-c508851fa61f" />
      <TestMethod codeBase="C:\Users\migue\Documents\LEI-SEM5-PI-2025-26-3DM-03\testes\Domain.Tests\bin\Release\net8.0\Domain.Tests.dll" adapterTypeName="executor://xunit/VsTestRunner2/netcoreapp" className="TodoApi.Domain.Tests.Models.ShippingOrganizations.ShippingAgentTests" name="DefaultConstructor_InitializesDefaults" />
    </UnitTest>
    <UnitTest name="Domain.Tests.ContainerAndCrewTests.CrewMember_RoundtripProperties" storage="c:\users\migue\documents\lei-sem5-pi-2025-26-3dm-03\testes\domain.tests\bin\release\net8.0\domain.tests.dll" id="44665ef2-9f23-4b7e-5bf8-5407059e4a6e">
      <Execution id="f1b8da4b-9568-428f-9df2-17a162b7dae2" />
      <TestMethod codeBase="C:\Users\migue\Documents\LEI-SEM5-PI-2025-26-3DM-03\testes\Domain.Tests\bin\Release\net8.0\Domain.Tests.dll" adapterTypeName="executor://xunit/VsTestRunner2/netcoreapp" className="Domain.Tests.ContainerAndCrewTests" name="CrewMember_RoundtripProperties" />
    </UnitTest>
    <UnitTest name="Domain.Tests.StaffTests.StaffMember_Deactivate_SetsActiveFalse" storage="c:\users\migue\documents\lei-sem5-pi-2025-26-3dm-03\testes\domain.tests\bin\release\net8.0\domain.tests.dll" id="c88a0165-0ca8-b382-7305-9ac1fcb8c567">
      <Execution id="95a66b09-b88a-4a9f-932e-38e6d1c48c68" />
      <TestMethod codeBase="C:\Users\migue\Documents\LEI-SEM5-PI-2025-26-3DM-03\testes\Domain.Tests\bin\Release\net8.0\Domain.Tests.dll" adapterTypeName="executor://xunit/VsTestRunner2/netcoreapp" className="Domain.Tests.StaffTests" name="StaffMember_Deactivate_SetsActiveFalse" />
    </UnitTest>
    <UnitTest name="Domain.Tests.ShippingAgentTypeTests.Constructor_RejectsNullOrEmpty" storage="c:\users\migue\documents\lei-sem5-pi-2025-26-3dm-03\testes\domain.tests\bin\release\net8.0\domain.tests.dll" id="7eae650c-822f-265d-ea97-73a9efb203f3">
      <Execution id="2a2a58ec-3d62-4573-9d96-33814beed60e" />
      <TestMethod codeBase="C:\Users\migue\Documents\LEI-SEM5-PI-2025-26-3DM-03\testes\Domain.Tests\bin\Release\net8.0\Domain.Tests.dll" adapterTypeName="executor://xunit/VsTestRunner2/netcoreapp" className="Domain.Tests.ShippingAgentTypeTests" name="Constructor_RejectsNullOrEmpty" />
    </UnitTest>
    <UnitTest name="Domain.Tests.VesselVisitNotificationTests.SubmissionTimestamp_DefaultsToNull_UponSubmitSetNotNull" storage="c:\users\migue\documents\lei-sem5-pi-2025-26-3dm-03\testes\domain.tests\bin\release\net8.0\domain.tests.dll" id="308fa144-2aa0-cd4e-463a-063c81fb14b6">
      <Execution id="a5b6164c-48f5-4447-af8c-1a7379e93d05" />
      <TestMethod codeBase="C:\Users\migue\Documents\LEI-SEM5-PI-2025-26-3DM-03\testes\Domain.Tests\bin\Release\net8.0\Domain.Tests.dll" adapterTypeName="executor://xunit/VsTestRunner2/netcoreapp" className="Domain.Tests.VesselVisitNotificationTests" name="SubmissionTimestamp_DefaultsToNull_UponSubmitSetNotNull" />
    </UnitTest>
    <UnitTest name="Domain.Tests.ResourcesTests.RequiredQualifications_CanAddDuplicateCodes" storage="c:\users\migue\documents\lei-sem5-pi-2025-26-3dm-03\testes\domain.tests\bin\release\net8.0\domain.tests.dll" id="3675f8ad-62c6-97d8-fbab-92411eb09d1a">
      <Execution id="4d7422a5-87f3-443a-87e5-c26963b2c2cc" />
      <TestMethod codeBase="C:\Users\migue\Documents\LEI-SEM5-PI-2025-26-3DM-03\testes\Domain.Tests\bin\Release\net8.0\Domain.Tests.dll" adapterTypeName="executor://xunit/VsTestRunner2/netcoreapp" className="Domain.Tests.ResourcesTests" name="RequiredQualifications_CanAddDuplicateCodes" />
    </UnitTest>
    <UnitTest name="Domain.Tests.Tests.VesselMapperTests.IsValidImo_Works(imo: &quot;1234560&quot;, expected: False)" storage="c:\users\migue\documents\lei-sem5-pi-2025-26-3dm-03\testes\domain.tests\bin\release\net8.0\domain.tests.dll" id="53f783e0-6618-b324-11e3-662375fb1b64">
      <Execution id="adbdbec0-5550-40af-a09c-74f122507f2b" />
      <TestMethod codeBase="C:\Users\migue\Documents\LEI-SEM5-PI-2025-26-3DM-03\testes\Domain.Tests\bin\Release\net8.0\Domain.Tests.dll" adapterTypeName="executor://xunit/VsTestRunner2/netcoreapp" className="Domain.Tests.Tests.VesselMapperTests" name="IsValidImo_Works" />
    </UnitTest>
    <UnitTest name="Domain.Tests.ShippingAgentTypeTests.Constructor_RejectsInvalidValue" storage="c:\users\migue\documents\lei-sem5-pi-2025-26-3dm-03\testes\domain.tests\bin\release\net8.0\domain.tests.dll" id="140e48d2-a0bd-fdce-22df-7e304e4d1d6a">
      <Execution id="e89f3fa1-bfa5-4e6c-8742-ae4780fb521d" />
      <TestMethod codeBase="C:\Users\migue\Documents\LEI-SEM5-PI-2025-26-3DM-03\testes\Domain.Tests\bin\Release\net8.0\Domain.Tests.dll" adapterTypeName="executor://xunit/VsTestRunner2/netcoreapp" className="Domain.Tests.ShippingAgentTypeTests" name="Constructor_RejectsInvalidValue" />
    </UnitTest>
    <UnitTest name="Domain.Tests.ShippingAgentTypeTests.Canonicalization_ToString_And_GetHashCode" storage="c:\users\migue\documents\lei-sem5-pi-2025-26-3dm-03\testes\domain.tests\bin\release\net8.0\domain.tests.dll" id="641e409b-b593-4179-f4e3-447588487024">
      <Execution id="8dc216cf-91e1-409e-a71b-e09b5633a6be" />
      <TestMethod codeBase="C:\Users\migue\Documents\LEI-SEM5-PI-2025-26-3DM-03\testes\Domain.Tests\bin\Release\net8.0\Domain.Tests.dll" adapterTypeName="executor://xunit/VsTestRunner2/netcoreapp" className="Domain.Tests.ShippingAgentTypeTests" name="Canonicalization_ToString_And_GetHashCode" />
    </UnitTest>
    <UnitTest name="Domain.Tests.VesselVisitNotificationTests.CanSetPropertiesAndDefaultStatusIsInProgress" storage="c:\users\migue\documents\lei-sem5-pi-2025-26-3dm-03\testes\domain.tests\bin\release\net8.0\domain.tests.dll" id="3f46af7b-cded-5a3c-8b4f-b0fb3fa8ceb0">
      <Execution id="f87705cf-eb0c-4c78-a009-fbf78c95c3cb" />
      <TestMethod codeBase="C:\Users\migue\Documents\LEI-SEM5-PI-2025-26-3DM-03\testes\Domain.Tests\bin\Release\net8.0\Domain.Tests.dll" adapterTypeName="executor://xunit/VsTestRunner2/netcoreapp" className="Domain.Tests.VesselVisitNotificationTests" name="CanSetPropertiesAndDefaultStatusIsInProgress" />
    </UnitTest>
    <UnitTest name="TodoApi.Domain.Tests.US226.RepresentativeManagementTests_US226.UpdateRepresentative_ContactData_WhileAssociatedToAgent_Succeeds" storage="c:\users\migue\documents\lei-sem5-pi-2025-26-3dm-03\testes\domain.tests\bin\release\net8.0\domain.tests.dll" id="67991d5f-efa7-dc80-0893-fcef50eabd13">
      <Execution id="5099527f-f9cf-4baf-972d-630487cd416a" />
      <TestMethod codeBase="C:\Users\migue\Documents\LEI-SEM5-PI-2025-26-3DM-03\testes\Domain.Tests\bin\Release\net8.0\Domain.Tests.dll" adapterTypeName="executor://xunit/VsTestRunner2/netcoreapp" className="TodoApi.Domain.Tests.US226.RepresentativeManagementTests_US226" name="UpdateRepresentative_ContactData_WhileAssociatedToAgent_Succeeds" />
    </UnitTest>
    <UnitTest name="Domain.Tests.Tests.VesselMapperTests.IsValidImo_Works(imo: &quot;IMO 1234567&quot;, expected: True)" storage="c:\users\migue\documents\lei-sem5-pi-2025-26-3dm-03\testes\domain.tests\bin\release\net8.0\domain.tests.dll" id="542c7be5-762d-8e57-382f-c91ec9d13e42">
      <Execution id="2af21ed7-f8a1-4168-bd7f-2c2743e58ba3" />
      <TestMethod codeBase="C:\Users\migue\Documents\LEI-SEM5-PI-2025-26-3DM-03\testes\Domain.Tests\bin\Release\net8.0\Domain.Tests.dll" adapterTypeName="executor://xunit/VsTestRunner2/netcoreapp" className="Domain.Tests.Tests.VesselMapperTests" name="IsValidImo_Works" />
    </UnitTest>
    <UnitTest name="TodoApi.Domain.Tests.Models.Staff.OperationalWindowTests.Can_Set_And_Read_Times" storage="c:\users\migue\documents\lei-sem5-pi-2025-26-3dm-03\testes\domain.tests\bin\release\net8.0\domain.tests.dll" id="92190ae1-a9b9-0686-ee19-a50bddd86e78">
      <Execution id="fe6e5da6-9e23-42d4-8e2c-68c081bf3cc3" />
      <TestMethod codeBase="C:\Users\migue\Documents\LEI-SEM5-PI-2025-26-3DM-03\testes\Domain.Tests\bin\Release\net8.0\Domain.Tests.dll" adapterTypeName="executor://xunit/VsTestRunner2/netcoreapp" className="TodoApi.Domain.Tests.Models.Staff.OperationalWindowTests" name="Can_Set_And_Read_Times" />
    </UnitTest>
    <UnitTest name="Domain.Tests.VesselsTests.OperationalConstraints_CreateAndValidation" storage="c:\users\migue\documents\lei-sem5-pi-2025-26-3dm-03\testes\domain.tests\bin\release\net8.0\domain.tests.dll" id="1386ff9b-77c6-21ae-c498-5d17efa6e825">
      <Execution id="00da1c80-2f23-4d1f-b4b0-0e6e66c81bed" />
      <TestMethod codeBase="C:\Users\migue\Documents\LEI-SEM5-PI-2025-26-3DM-03\testes\Domain.Tests\bin\Release\net8.0\Domain.Tests.dll" adapterTypeName="executor://xunit/VsTestRunner2/netcoreapp" className="Domain.Tests.VesselsTests" name="OperationalConstraints_CreateAndValidation" />
    </UnitTest>
    <UnitTest name="Domain.Tests.VesselsTests.Vessel_CanSetProperties" storage="c:\users\migue\documents\lei-sem5-pi-2025-26-3dm-03\testes\domain.tests\bin\release\net8.0\domain.tests.dll" id="52ca4204-2985-701a-d677-d633f724ddd6">
      <Execution id="1d062a87-6c1a-4a0d-bec0-97210c99e03a" />
      <TestMethod codeBase="C:\Users\migue\Documents\LEI-SEM5-PI-2025-26-3DM-03\testes\Domain.Tests\bin\Release\net8.0\Domain.Tests.dll" adapterTypeName="executor://xunit/VsTestRunner2/netcoreapp" className="Domain.Tests.VesselsTests" name="Vessel_CanSetProperties" />
    </UnitTest>
    <UnitTest name="Domain.Tests.Tests.VesselMapperTests.IsValidImo_HandlesNullAndWhitespace(imo: &quot;&quot;, expected: False)" storage="c:\users\migue\documents\lei-sem5-pi-2025-26-3dm-03\testes\domain.tests\bin\release\net8.0\domain.tests.dll" id="fa97ab58-69a3-7d9f-edd6-c1e66d96120c">
      <Execution id="5c16faa2-96b2-4e01-b0ba-059a571a89a7" />
      <TestMethod codeBase="C:\Users\migue\Documents\LEI-SEM5-PI-2025-26-3DM-03\testes\Domain.Tests\bin\Release\net8.0\Domain.Tests.dll" adapterTypeName="executor://xunit/VsTestRunner2/netcoreapp" className="Domain.Tests.Tests.VesselMapperTests" name="IsValidImo_HandlesNullAndWhitespace" />
    </UnitTest>
    <UnitTest name="TodoApi.Domain.Tests.US226.RepresentativeManagementTests_US226.Representative_ShouldBeAssociatedWithExactlyOneAgent_AtAnyTime" storage="c:\users\migue\documents\lei-sem5-pi-2025-26-3dm-03\testes\domain.tests\bin\release\net8.0\domain.tests.dll" id="f5c7e055-32f7-d6ee-fe92-7786613e69fe">
      <Execution id="484f1135-ac5e-46bd-a21a-9f3df6baabf1" />
      <TestMethod codeBase="C:\Users\migue\Documents\LEI-SEM5-PI-2025-26-3DM-03\testes\Domain.Tests\bin\Release\net8.0\Domain.Tests.dll" adapterTypeName="executor://xunit/VsTestRunner2/netcoreapp" className="TodoApi.Domain.Tests.US226.RepresentativeManagementTests_US226" name="Representative_ShouldBeAssociatedWithExactlyOneAgent_AtAnyTime" />
    </UnitTest>
    <UnitTest name="Domain.Tests.ResourcesTests.Resource_AllProperties_ReadWrite" storage="c:\users\migue\documents\lei-sem5-pi-2025-26-3dm-03\testes\domain.tests\bin\release\net8.0\domain.tests.dll" id="80e3dcae-1220-9328-f9bb-9f7f05781a58">
      <Execution id="da822f37-8db3-43a6-b528-221a7923cdc3" />
      <TestMethod codeBase="C:\Users\migue\Documents\LEI-SEM5-PI-2025-26-3DM-03\testes\Domain.Tests\bin\Release\net8.0\Domain.Tests.dll" adapterTypeName="executor://xunit/VsTestRunner2/netcoreapp" className="Domain.Tests.ResourcesTests" name="Resource_AllProperties_ReadWrite" />
    </UnitTest>
    <UnitTest name="Domain.Tests.ResourceQualificationTests.ResourceQualification_IdAndCode_ReadWrite" storage="c:\users\migue\documents\lei-sem5-pi-2025-26-3dm-03\testes\domain.tests\bin\release\net8.0\domain.tests.dll" id="d96fa0a0-a534-e3f2-64a5-aa2c8320b290">
      <Execution id="8a31f1fd-5bad-448a-9ea6-f9d52a41a542" />
      <TestMethod codeBase="C:\Users\migue\Documents\LEI-SEM5-PI-2025-26-3DM-03\testes\Domain.Tests\bin\Release\net8.0\Domain.Tests.dll" adapterTypeName="executor://xunit/VsTestRunner2/netcoreapp" className="Domain.Tests.ResourceQualificationTests" name="ResourceQualification_IdAndCode_ReadWrite" />
    </UnitTest>
    <UnitTest name="Domain.Tests.VesselTypeTests.Update_InvalidArguments_Throws" storage="c:\users\migue\documents\lei-sem5-pi-2025-26-3dm-03\testes\domain.tests\bin\release\net8.0\domain.tests.dll" id="17eec70a-3791-c993-6d2e-0ddd67d745f0">
      <Execution id="53e8a6ca-c56e-4280-81c8-bb33a3a0e8f3" />
      <TestMethod codeBase="C:\Users\migue\Documents\LEI-SEM5-PI-2025-26-3DM-03\testes\Domain.Tests\bin\Release\net8.0\Domain.Tests.dll" adapterTypeName="executor://xunit/VsTestRunner2/netcoreapp" className="Domain.Tests.VesselTypeTests" name="Update_InvalidArguments_Throws" />
    </UnitTest>
    <UnitTest name="Domain.Tests.DockDomainTests.Dock_PropertyAssignment_WorksAndAllowsVesselTypes" storage="c:\users\migue\documents\lei-sem5-pi-2025-26-3dm-03\testes\domain.tests\bin\release\net8.0\domain.tests.dll" id="45bb5074-5044-f3b3-30b3-facc15e4c610">
      <Execution id="56a01333-3d58-4102-a38f-a7c02c69ca1a" />
      <TestMethod codeBase="C:\Users\migue\Documents\LEI-SEM5-PI-2025-26-3DM-03\testes\Domain.Tests\bin\Release\net8.0\Domain.Tests.dll" adapterTypeName="executor://xunit/VsTestRunner2/netcoreapp" className="Domain.Tests.DockDomainTests" name="Dock_PropertyAssignment_WorksAndAllowsVesselTypes" />
    </UnitTest>
    <UnitTest name="Domain.Tests.QualificationTests.Qualification_AllowsEmptyDescription" storage="c:\users\migue\documents\lei-sem5-pi-2025-26-3dm-03\testes\domain.tests\bin\release\net8.0\domain.tests.dll" id="f78ae9f6-075b-a989-a616-e93ef00eab1a">
      <Execution id="ddcb02ae-c359-4b24-8415-a12df745ce9a" />
      <TestMethod codeBase="C:\Users\migue\Documents\LEI-SEM5-PI-2025-26-3DM-03\testes\Domain.Tests\bin\Release\net8.0\Domain.Tests.dll" adapterTypeName="executor://xunit/VsTestRunner2/netcoreapp" className="Domain.Tests.QualificationTests" name="Qualification_AllowsEmptyDescription" />
    </UnitTest>
    <UnitTest name="Domain.Tests.VesselsTests.OperationalConstraints_EqualityAndComponents" storage="c:\users\migue\documents\lei-sem5-pi-2025-26-3dm-03\testes\domain.tests\bin\release\net8.0\domain.tests.dll" id="5dec6ba8-2b86-03d9-aa50-c7bbc5a131e4">
      <Execution id="39e61d6c-d49c-4baa-94b1-7c056b771201" />
      <TestMethod codeBase="C:\Users\migue\Documents\LEI-SEM5-PI-2025-26-3DM-03\testes\Domain.Tests\bin\Release\net8.0\Domain.Tests.dll" adapterTypeName="executor://xunit/VsTestRunner2/netcoreapp" className="Domain.Tests.VesselsTests" name="OperationalConstraints_EqualityAndComponents" />
    </UnitTest>
    <UnitTest name="TodoApi.Domain.Tests.Models.Staff.StaffQualificationTests.Default_Qualification_Has_DefaultValues" storage="c:\users\migue\documents\lei-sem5-pi-2025-26-3dm-03\testes\domain.tests\bin\release\net8.0\domain.tests.dll" id="5298d510-1bd4-1afd-98fb-39e53c5c1b48">
      <Execution id="f83a9b8f-de4e-497e-8e7b-51eace533448" />
      <TestMethod codeBase="C:\Users\migue\Documents\LEI-SEM5-PI-2025-26-3DM-03\testes\Domain.Tests\bin\Release\net8.0\Domain.Tests.dll" adapterTypeName="executor://xunit/VsTestRunner2/netcoreapp" className="TodoApi.Domain.Tests.Models.Staff.StaffQualificationTests" name="Default_Qualification_Has_DefaultValues" />
    </UnitTest>
    <UnitTest name="Domain.Tests.Tests.VesselMapperTests.IsValidImo_Works(imo: &quot;IMO1234567&quot;, expected: True)" storage="c:\users\migue\documents\lei-sem5-pi-2025-26-3dm-03\testes\domain.tests\bin\release\net8.0\domain.tests.dll" id="7fa6e26c-859e-2405-3004-eeb0cfc17977">
      <Execution id="0834d9b1-bc1e-4273-b4b3-69224234c0c8" />
      <TestMethod codeBase="C:\Users\migue\Documents\LEI-SEM5-PI-2025-26-3DM-03\testes\Domain.Tests\bin\Release\net8.0\Domain.Tests.dll" adapterTypeName="executor://xunit/VsTestRunner2/netcoreapp" className="Domain.Tests.Tests.VesselMapperTests" name="IsValidImo_Works" />
    </UnitTest>
    <UnitTest name="Domain.Tests.Tests.VesselMapperTests.IsValidImo_Works(imo: &quot;abcdefg&quot;, expected: False)" storage="c:\users\migue\documents\lei-sem5-pi-2025-26-3dm-03\testes\domain.tests\bin\release\net8.0\domain.tests.dll" id="a7176afd-5c2b-34b2-97a2-6b03f1ac5c0a">
      <Execution id="ad51b994-da79-47e6-bf36-2e09e991df2d" />
      <TestMethod codeBase="C:\Users\migue\Documents\LEI-SEM5-PI-2025-26-3DM-03\testes\Domain.Tests\bin\Release\net8.0\Domain.Tests.dll" adapterTypeName="executor://xunit/VsTestRunner2/netcoreapp" className="Domain.Tests.Tests.VesselMapperTests" name="IsValidImo_Works" />
    </UnitTest>
    <UnitTest name="Domain.Tests.VesselVisitNotificationTests.CargoAndCrewCollections_BehaveAsLists" storage="c:\users\migue\documents\lei-sem5-pi-2025-26-3dm-03\testes\domain.tests\bin\release\net8.0\domain.tests.dll" id="c47e6e5c-e57e-15b5-aeec-04ac5af9d829">
      <Execution id="67d4b947-0459-414b-b2b6-2a117a51846d" />
      <TestMethod codeBase="C:\Users\migue\Documents\LEI-SEM5-PI-2025-26-3DM-03\testes\Domain.Tests\bin\Release\net8.0\Domain.Tests.dll" adapterTypeName="executor://xunit/VsTestRunner2/netcoreapp" className="Domain.Tests.VesselVisitNotificationTests" name="CargoAndCrewCollections_BehaveAsLists" />
    </UnitTest>
    <UnitTest name="TodoApi.Domain.Tests.US226.RepresentativeManagementTests_US226.CreateRepresentative_AndAssociateWithOneAgent_Succeeds" storage="c:\users\migue\documents\lei-sem5-pi-2025-26-3dm-03\testes\domain.tests\bin\release\net8.0\domain.tests.dll" id="e2c935a8-0501-f02a-b8cb-9f93a6053384">
      <Execution id="b8bc5280-dc88-4bf6-a806-1d159cc5ee92" />
      <TestMethod codeBase="C:\Users\migue\Documents\LEI-SEM5-PI-2025-26-3DM-03\testes\Domain.Tests\bin\Release\net8.0\Domain.Tests.dll" adapterTypeName="executor://xunit/VsTestRunner2/netcoreapp" className="TodoApi.Domain.Tests.US226.RepresentativeManagementTests_US226" name="CreateRepresentative_AndAssociateWithOneAgent_Succeeds" />
    </UnitTest>
    <UnitTest name="Domain.Tests.Tests.VesselMapperTests.IsValidImo_Works(imo: &quot;1234567&quot;, expected: True)" storage="c:\users\migue\documents\lei-sem5-pi-2025-26-3dm-03\testes\domain.tests\bin\release\net8.0\domain.tests.dll" id="3b49b1fc-266f-bbf1-a4e4-210cc180a65d">
      <Execution id="4f20c16c-4584-41f1-b02d-088b4ed7aeae" />
      <TestMethod codeBase="C:\Users\migue\Documents\LEI-SEM5-PI-2025-26-3DM-03\testes\Domain.Tests\bin\Release\net8.0\Domain.Tests.dll" adapterTypeName="executor://xunit/VsTestRunner2/netcoreapp" className="Domain.Tests.Tests.VesselMapperTests" name="IsValidImo_Works" />
    </UnitTest>
    <UnitTest name="TodoApi.Domain.Tests.Models.Staff.OperationalWindowTests.StartTime_MustBeBefore_EndTime" storage="c:\users\migue\documents\lei-sem5-pi-2025-26-3dm-03\testes\domain.tests\bin\release\net8.0\domain.tests.dll" id="701cfa00-0ba7-6c95-874f-2ea29af810fe">
      <Execution id="2f9208f6-6d83-4aa1-b3c3-c92bb4ca5717" />
      <TestMethod codeBase="C:\Users\migue\Documents\LEI-SEM5-PI-2025-26-3DM-03\testes\Domain.Tests\bin\Release\net8.0\Domain.Tests.dll" adapterTypeName="executor://xunit/VsTestRunner2/netcoreapp" className="TodoApi.Domain.Tests.Models.Staff.OperationalWindowTests" name="StartTime_MustBeBefore_EndTime" />
    </UnitTest>
    <UnitTest name="Domain.Tests.Tests.VesselMapperTests.IsValidImo_HandlesNullAndWhitespace(imo: null, expected: False)" storage="c:\users\migue\documents\lei-sem5-pi-2025-26-3dm-03\testes\domain.tests\bin\release\net8.0\domain.tests.dll" id="c2629a74-6a33-8d07-56aa-f6f08af061da">
      <Execution id="19e4e9ac-10cc-4cce-a1ea-279a83dcded7" />
      <TestMethod codeBase="C:\Users\migue\Documents\LEI-SEM5-PI-2025-26-3DM-03\testes\Domain.Tests\bin\Release\net8.0\Domain.Tests.dll" adapterTypeName="executor://xunit/VsTestRunner2/netcoreapp" className="Domain.Tests.Tests.VesselMapperTests" name="IsValidImo_HandlesNullAndWhitespace" />
    </UnitTest>
    <UnitTest name="TodoApi.Domain.Tests.Models.ShippingOrganizations.ShippingAgentTests.ParameterizedConstructor_AssignsAllProperties" storage="c:\users\migue\documents\lei-sem5-pi-2025-26-3dm-03\testes\domain.tests\bin\release\net8.0\domain.tests.dll" id="f5b08128-5bd5-737b-c661-2a2ece1c3e30">
      <Execution id="cbc43db0-139f-4893-b4ac-a128e2981417" />
      <TestMethod codeBase="C:\Users\migue\Documents\LEI-SEM5-PI-2025-26-3DM-03\testes\Domain.Tests\bin\Release\net8.0\Domain.Tests.dll" adapterTypeName="executor://xunit/VsTestRunner2/netcoreapp" className="TodoApi.Domain.Tests.Models.ShippingOrganizations.ShippingAgentTests" name="ParameterizedConstructor_AssignsAllProperties" />
    </UnitTest>
    <UnitTest name="Domain.Tests.StaffTests.StaffMember_DefaultsAndQualifications" storage="c:\users\migue\documents\lei-sem5-pi-2025-26-3dm-03\testes\domain.tests\bin\release\net8.0\domain.tests.dll" id="4784f79c-9415-aad8-5057-239241a1e6fc">
      <Execution id="0cea6cd4-833d-487a-b7c8-c6afa671d552" />
      <TestMethod codeBase="C:\Users\migue\Documents\LEI-SEM5-PI-2025-26-3DM-03\testes\Domain.Tests\bin\Release\net8.0\Domain.Tests.dll" adapterTypeName="executor://xunit/VsTestRunner2/netcoreapp" className="Domain.Tests.StaffTests" name="StaffMember_DefaultsAndQualifications" />
    </UnitTest>
    <UnitTest name="Domain.Tests.VesselTypeTests.Update_Works" storage="c:\users\migue\documents\lei-sem5-pi-2025-26-3dm-03\testes\domain.tests\bin\release\net8.0\domain.tests.dll" id="498a8c61-e9dc-a366-c57d-f8bfff28a463">
      <Execution id="640febf0-7ed8-469f-9fcf-56d614a18ef8" />
      <TestMethod codeBase="C:\Users\migue\Documents\LEI-SEM5-PI-2025-26-3DM-03\testes\Domain.Tests\bin\Release\net8.0\Domain.Tests.dll" adapterTypeName="executor://xunit/VsTestRunner2/netcoreapp" className="Domain.Tests.VesselTypeTests" name="Update_Works" />
    </UnitTest>
    <UnitTest name="Domain.Tests.ContainerAndCrewTests.ContainerCode_NotEmptyAndHasExpectedFormatLength" storage="c:\users\migue\documents\lei-sem5-pi-2025-26-3dm-03\testes\domain.tests\bin\release\net8.0\domain.tests.dll" id="e9432512-eb23-7a7c-b4b1-5c6dba6ac31d">
      <Execution id="c152c6e8-7b08-4190-9730-fbe6a5f3cb87" />
      <TestMethod codeBase="C:\Users\migue\Documents\LEI-SEM5-PI-2025-26-3DM-03\testes\Domain.Tests\bin\Release\net8.0\Domain.Tests.dll" adapterTypeName="executor://xunit/VsTestRunner2/netcoreapp" className="Domain.Tests.ContainerAndCrewTests" name="ContainerCode_NotEmptyAndHasExpectedFormatLength" />
    </UnitTest>
    <UnitTest name="Domain.Tests.ContainerAndCrewTests.ContainerItem_RoundtripProperties" storage="c:\users\migue\documents\lei-sem5-pi-2025-26-3dm-03\testes\domain.tests\bin\release\net8.0\domain.tests.dll" id="3b569bf1-19d1-2199-383f-674822675fa9">
      <Execution id="7c7c5325-2073-4033-b40e-74127abdde8f" />
      <TestMethod codeBase="C:\Users\migue\Documents\LEI-SEM5-PI-2025-26-3DM-03\testes\Domain.Tests\bin\Release\net8.0\Domain.Tests.dll" adapterTypeName="executor://xunit/VsTestRunner2/netcoreapp" className="Domain.Tests.ContainerAndCrewTests" name="ContainerItem_RoundtripProperties" />
    </UnitTest>
    <UnitTest name="Domain.Tests.StorageAreaTests.StorageArea_SetPropsAndCollections" storage="c:\users\migue\documents\lei-sem5-pi-2025-26-3dm-03\testes\domain.tests\bin\release\net8.0\domain.tests.dll" id="b1ccd14c-45dd-f700-a650-62c7da017789">
      <Execution id="b250c384-96b1-47fb-b919-778b54981f99" />
      <TestMethod codeBase="C:\Users\migue\Documents\LEI-SEM5-PI-2025-26-3DM-03\testes\Domain.Tests\bin\Release\net8.0\Domain.Tests.dll" adapterTypeName="executor://xunit/VsTestRunner2/netcoreapp" className="Domain.Tests.StorageAreaTests" name="StorageArea_SetPropsAndCollections" />
    </UnitTest>
    <UnitTest name="Domain.Tests.QualificationTests.Qualification_Constructors_Work" storage="c:\users\migue\documents\lei-sem5-pi-2025-26-3dm-03\testes\domain.tests\bin\release\net8.0\domain.tests.dll" id="d6504d2b-7d71-50c0-02a7-ee14d1f2321b">
      <Execution id="1ee15e34-365c-4e5e-8568-edfd8d2d1442" />
      <TestMethod codeBase="C:\Users\migue\Documents\LEI-SEM5-PI-2025-26-3DM-03\testes\Domain.Tests\bin\Release\net8.0\Domain.Tests.dll" adapterTypeName="executor://xunit/VsTestRunner2/netcoreapp" className="Domain.Tests.QualificationTests" name="Qualification_Constructors_Work" />
    </UnitTest>
    <UnitTest name="Domain.Tests.ResourceQualificationTests.ResourceQualification_Roundtrip" storage="c:\users\migue\documents\lei-sem5-pi-2025-26-3dm-03\testes\domain.tests\bin\release\net8.0\domain.tests.dll" id="96f0fbac-2688-894a-d36b-fda49efb7059">
      <Execution id="f49fcf71-c76d-4804-97b7-2d70c30bcdcd" />
      <TestMethod codeBase="C:\Users\migue\Documents\LEI-SEM5-PI-2025-26-3DM-03\testes\Domain.Tests\bin\Release\net8.0\Domain.Tests.dll" adapterTypeName="executor://xunit/VsTestRunner2/netcoreapp" className="Domain.Tests.ResourceQualificationTests" name="ResourceQualification_Roundtrip" />
    </UnitTest>
    <UnitTest name="TodoApi.Domain.Tests.Models.Staff.StaffQualificationTests.StaffMember_CanAdd_Qualifications" storage="c:\users\migue\documents\lei-sem5-pi-2025-26-3dm-03\testes\domain.tests\bin\release\net8.0\domain.tests.dll" id="707845d9-dbf7-a4e5-bfef-02d8870f47ae">
      <Execution id="29270f67-e8fa-43cd-85d7-525343b0a40f" />
      <TestMethod codeBase="C:\Users\migue\Documents\LEI-SEM5-PI-2025-26-3DM-03\testes\Domain.Tests\bin\Release\net8.0\Domain.Tests.dll" adapterTypeName="executor://xunit/VsTestRunner2/netcoreapp" className="TodoApi.Domain.Tests.Models.Staff.StaffQualificationTests" name="StaffMember_CanAdd_Qualifications" />
    </UnitTest>
    <UnitTest name="Domain.Tests.VesselTypeTests.Create_InvalidParameters_Throws" storage="c:\users\migue\documents\lei-sem5-pi-2025-26-3dm-03\testes\domain.tests\bin\release\net8.0\domain.tests.dll" id="2c17f4b8-1e0f-ad93-cfdb-a3df1b817822">
      <Execution id="616154c4-30b1-4049-9896-2fd754ffb2fd" />
      <TestMethod codeBase="C:\Users\migue\Documents\LEI-SEM5-PI-2025-26-3DM-03\testes\Domain.Tests\bin\Release\net8.0\Domain.Tests.dll" adapterTypeName="executor://xunit/VsTestRunner2/netcoreapp" className="Domain.Tests.VesselTypeTests" name="Create_InvalidParameters_Throws" />
    </UnitTest>
    <UnitTest name="Domain.Tests.ShippingAgentTypeTests.OwnerAndOperator_ImplicitConversionAndEquality" storage="c:\users\migue\documents\lei-sem5-pi-2025-26-3dm-03\testes\domain.tests\bin\release\net8.0\domain.tests.dll" id="9ed3cc46-6859-77b2-1ec8-ae5fe416f0a7">
      <Execution id="0efe45ea-d5af-445a-88e4-9059ea96bc94" />
      <TestMethod codeBase="C:\Users\migue\Documents\LEI-SEM5-PI-2025-26-3DM-03\testes\Domain.Tests\bin\Release\net8.0\Domain.Tests.dll" adapterTypeName="executor://xunit/VsTestRunner2/netcoreapp" className="Domain.Tests.ShippingAgentTypeTests" name="OwnerAndOperator_ImplicitConversionAndEquality" />
    </UnitTest>
    <UnitTest name="Domain.Tests.VesselTypeTests.Create_WithValidValues_Succeeds" storage="c:\users\migue\documents\lei-sem5-pi-2025-26-3dm-03\testes\domain.tests\bin\release\net8.0\domain.tests.dll" id="d8589cfe-4f0d-c60e-d04f-788e78a5f47f">
      <Execution id="231d9804-5748-47af-8e93-9ba182fe0378" />
      <TestMethod codeBase="C:\Users\migue\Documents\LEI-SEM5-PI-2025-26-3DM-03\testes\Domain.Tests\bin\Release\net8.0\Domain.Tests.dll" adapterTypeName="executor://xunit/VsTestRunner2/netcoreapp" className="Domain.Tests.VesselTypeTests" name="Create_WithValidValues_Succeeds" />
    </UnitTest>
    <UnitTest name="Domain.Tests.Tests.VesselMapperTests.IsValidImo_HandlesNullAndWhitespace(imo: &quot;   &quot;, expected: False)" storage="c:\users\migue\documents\lei-sem5-pi-2025-26-3dm-03\testes\domain.tests\bin\release\net8.0\domain.tests.dll" id="e44f283e-25ec-0695-5474-17f305ae7e11">
      <Execution id="a904e6a1-5bbf-4809-936f-1118be881666" />
      <TestMethod codeBase="C:\Users\migue\Documents\LEI-SEM5-PI-2025-26-3DM-03\testes\Domain.Tests\bin\Release\net8.0\Domain.Tests.dll" adapterTypeName="executor://xunit/VsTestRunner2/netcoreapp" className="Domain.Tests.Tests.VesselMapperTests" name="IsValidImo_HandlesNullAndWhitespace" />
    </UnitTest>
    <UnitTest name="Domain.Tests.DockDomainTests.Dock_Defaults_AreInitialized" storage="c:\users\migue\documents\lei-sem5-pi-2025-26-3dm-03\testes\domain.tests\bin\release\net8.0\domain.tests.dll" id="a0a99421-8a7e-75e1-f2b6-ea20018dd221">
      <Execution id="786beeb5-b7a9-481e-bd24-715edf07d0b6" />
      <TestMethod codeBase="C:\Users\migue\Documents\LEI-SEM5-PI-2025-26-3DM-03\testes\Domain.Tests\bin\Release\net8.0\Domain.Tests.dll" adapterTypeName="executor://xunit/VsTestRunner2/netcoreapp" className="Domain.Tests.DockDomainTests" name="Dock_Defaults_AreInitialized" />
    </UnitTest>
  </TestDefinitions>
  <TestEntries>
    <TestEntry testId="45bb5074-5044-f3b3-30b3-facc15e4c610" executionId="56a01333-3d58-4102-a38f-a7c02c69ca1a" testListId="8c84fa94-04c1-424b-9868-57a2d4851a1d" />
    <TestEntry testId="f5b08128-5bd5-737b-c661-2a2ece1c3e30" executionId="cbc43db0-139f-4893-b4ac-a128e2981417" testListId="8c84fa94-04c1-424b-9868-57a2d4851a1d" />
    <TestEntry testId="67991d5f-efa7-dc80-0893-fcef50eabd13" executionId="5099527f-f9cf-4baf-972d-630487cd416a" testListId="8c84fa94-04c1-424b-9868-57a2d4851a1d" />
    <TestEntry testId="d823dd4b-ae1c-b71a-6679-aea3dda67c8b" executionId="9e31cf21-7367-41f7-a7ee-ce7b3f0ca02b" testListId="8c84fa94-04c1-424b-9868-57a2d4851a1d" />
    <TestEntry testId="f5c7e055-32f7-d6ee-fe92-7786613e69fe" executionId="484f1135-ac5e-46bd-a21a-9f3df6baabf1" testListId="8c84fa94-04c1-424b-9868-57a2d4851a1d" />
    <TestEntry testId="542c7be5-762d-8e57-382f-c91ec9d13e42" executionId="2af21ed7-f8a1-4168-bd7f-2c2743e58ba3" testListId="8c84fa94-04c1-424b-9868-57a2d4851a1d" />
    <TestEntry testId="308fa144-2aa0-cd4e-463a-063c81fb14b6" executionId="a5b6164c-48f5-4447-af8c-1a7379e93d05" testListId="8c84fa94-04c1-424b-9868-57a2d4851a1d" />
    <TestEntry testId="80e3dcae-1220-9328-f9bb-9f7f05781a58" executionId="da822f37-8db3-43a6-b528-221a7923cdc3" testListId="8c84fa94-04c1-424b-9868-57a2d4851a1d" />
    <TestEntry testId="52ca4204-2985-701a-d677-d633f724ddd6" executionId="1d062a87-6c1a-4a0d-bec0-97210c99e03a" testListId="8c84fa94-04c1-424b-9868-57a2d4851a1d" />
    <TestEntry testId="7e7a25a5-abf0-4a05-9948-a34690fa3776" executionId="3ed82c69-6e0f-4fc2-9916-c98f6454949d" testListId="8c84fa94-04c1-424b-9868-57a2d4851a1d" />
    <TestEntry testId="e2c935a8-0501-f02a-b8cb-9f93a6053384" executionId="b8bc5280-dc88-4bf6-a806-1d159cc5ee92" testListId="8c84fa94-04c1-424b-9868-57a2d4851a1d" />
    <TestEntry testId="2c4e27bc-ca2e-68ef-8524-91cb8b1514eb" executionId="6e075409-1319-4c9d-ab1a-c508851fa61f" testListId="8c84fa94-04c1-424b-9868-57a2d4851a1d" />
    <TestEntry testId="1386ff9b-77c6-21ae-c498-5d17efa6e825" executionId="00da1c80-2f23-4d1f-b4b0-0e6e66c81bed" testListId="8c84fa94-04c1-424b-9868-57a2d4851a1d" />
    <TestEntry testId="96f0fbac-2688-894a-d36b-fda49efb7059" executionId="f49fcf71-c76d-4804-97b7-2d70c30bcdcd" testListId="8c84fa94-04c1-424b-9868-57a2d4851a1d" />
    <TestEntry testId="5dec6ba8-2b86-03d9-aa50-c7bbc5a131e4" executionId="39e61d6c-d49c-4baa-94b1-7c056b771201" testListId="8c84fa94-04c1-424b-9868-57a2d4851a1d" />
    <TestEntry testId="d6504d2b-7d71-50c0-02a7-ee14d1f2321b" executionId="1ee15e34-365c-4e5e-8568-edfd8d2d1442" testListId="8c84fa94-04c1-424b-9868-57a2d4851a1d" />
    <TestEntry testId="fa97ab58-69a3-7d9f-edd6-c1e66d96120c" executionId="5c16faa2-96b2-4e01-b0ba-059a571a89a7" testListId="8c84fa94-04c1-424b-9868-57a2d4851a1d" />
    <TestEntry testId="08f41fa4-29e7-2059-3955-71a79f091713" executionId="e08ad780-377c-4e49-8018-4f35f8eee982" testListId="8c84fa94-04c1-424b-9868-57a2d4851a1d" />
    <TestEntry testId="adccb776-b343-b85d-7013-8ce4227a9c22" executionId="c8d10081-5384-47dc-8051-f1ca382225a8" testListId="8c84fa94-04c1-424b-9868-57a2d4851a1d" />
    <TestEntry testId="701cfa00-0ba7-6c95-874f-2ea29af810fe" executionId="2f9208f6-6d83-4aa1-b3c3-c92bb4ca5717" testListId="8c84fa94-04c1-424b-9868-57a2d4851a1d" />
    <TestEntry testId="3675f8ad-62c6-97d8-fbab-92411eb09d1a" executionId="4d7422a5-87f3-443a-87e5-c26963b2c2cc" testListId="8c84fa94-04c1-424b-9868-57a2d4851a1d" />
    <TestEntry testId="df2348c7-100f-3033-8054-3469a79d536c" executionId="0159ce95-42da-428c-9c56-369979c548d9" testListId="8c84fa94-04c1-424b-9868-57a2d4851a1d" />
    <TestEntry testId="707845d9-dbf7-a4e5-bfef-02d8870f47ae" executionId="29270f67-e8fa-43cd-85d7-525343b0a40f" testListId="8c84fa94-04c1-424b-9868-57a2d4851a1d" />
    <TestEntry testId="a7176afd-5c2b-34b2-97a2-6b03f1ac5c0a" executionId="ad51b994-da79-47e6-bf36-2e09e991df2d" testListId="8c84fa94-04c1-424b-9868-57a2d4851a1d" />
    <TestEntry testId="a0a99421-8a7e-75e1-f2b6-ea20018dd221" executionId="786beeb5-b7a9-481e-bd24-715edf07d0b6" testListId="8c84fa94-04c1-424b-9868-57a2d4851a1d" />
    <TestEntry testId="b1ccd14c-45dd-f700-a650-62c7da017789" executionId="b250c384-96b1-47fb-b919-778b54981f99" testListId="8c84fa94-04c1-424b-9868-57a2d4851a1d" />
    <TestEntry testId="4784f79c-9415-aad8-5057-239241a1e6fc" executionId="0cea6cd4-833d-487a-b7c8-c6afa671d552" testListId="8c84fa94-04c1-424b-9868-57a2d4851a1d" />
    <TestEntry testId="d96fa0a0-a534-e3f2-64a5-aa2c8320b290" executionId="8a31f1fd-5bad-448a-9ea6-f9d52a41a542" testListId="8c84fa94-04c1-424b-9868-57a2d4851a1d" />
    <TestEntry testId="140e48d2-a0bd-fdce-22df-7e304e4d1d6a" executionId="e89f3fa1-bfa5-4e6c-8742-ae4780fb521d" testListId="8c84fa94-04c1-424b-9868-57a2d4851a1d" />
    <TestEntry testId="f78ae9f6-075b-a989-a616-e93ef00eab1a" executionId="ddcb02ae-c359-4b24-8415-a12df745ce9a" testListId="8c84fa94-04c1-424b-9868-57a2d4851a1d" />
    <TestEntry testId="7eae650c-822f-265d-ea97-73a9efb203f3" executionId="2a2a58ec-3d62-4573-9d96-33814beed60e" testListId="8c84fa94-04c1-424b-9868-57a2d4851a1d" />
    <TestEntry testId="3b49b1fc-266f-bbf1-a4e4-210cc180a65d" executionId="4f20c16c-4584-41f1-b02d-088b4ed7aeae" testListId="8c84fa94-04c1-424b-9868-57a2d4851a1d" />
    <TestEntry testId="c2629a74-6a33-8d07-56aa-f6f08af061da" executionId="19e4e9ac-10cc-4cce-a1ea-279a83dcded7" testListId="8c84fa94-04c1-424b-9868-57a2d4851a1d" />
    <TestEntry testId="3b569bf1-19d1-2199-383f-674822675fa9" executionId="7c7c5325-2073-4033-b40e-74127abdde8f" testListId="8c84fa94-04c1-424b-9868-57a2d4851a1d" />
    <TestEntry testId="5298d510-1bd4-1afd-98fb-39e53c5c1b48" executionId="f83a9b8f-de4e-497e-8e7b-51eace533448" testListId="8c84fa94-04c1-424b-9868-57a2d4851a1d" />
    <TestEntry testId="44665ef2-9f23-4b7e-5bf8-5407059e4a6e" executionId="f1b8da4b-9568-428f-9df2-17a162b7dae2" testListId="8c84fa94-04c1-424b-9868-57a2d4851a1d" />
    <TestEntry testId="641e409b-b593-4179-f4e3-447588487024" executionId="8dc216cf-91e1-409e-a71b-e09b5633a6be" testListId="8c84fa94-04c1-424b-9868-57a2d4851a1d" />
    <TestEntry testId="498a8c61-e9dc-a366-c57d-f8bfff28a463" executionId="640febf0-7ed8-469f-9fcf-56d614a18ef8" testListId="8c84fa94-04c1-424b-9868-57a2d4851a1d" />
    <TestEntry testId="e44f283e-25ec-0695-5474-17f305ae7e11" executionId="a904e6a1-5bbf-4809-936f-1118be881666" testListId="8c84fa94-04c1-424b-9868-57a2d4851a1d" />
    <TestEntry testId="3f46af7b-cded-5a3c-8b4f-b0fb3fa8ceb0" executionId="f87705cf-eb0c-4c78-a009-fbf78c95c3cb" testListId="8c84fa94-04c1-424b-9868-57a2d4851a1d" />
    <TestEntry testId="c88a0165-0ca8-b382-7305-9ac1fcb8c567" executionId="95a66b09-b88a-4a9f-932e-38e6d1c48c68" testListId="8c84fa94-04c1-424b-9868-57a2d4851a1d" />
    <TestEntry testId="d8589cfe-4f0d-c60e-d04f-788e78a5f47f" executionId="231d9804-5748-47af-8e93-9ba182fe0378" testListId="8c84fa94-04c1-424b-9868-57a2d4851a1d" />
    <TestEntry testId="7a17744c-c123-f147-3c7b-22afd385eeda" executionId="7a40bbd1-cb6c-46c9-92ff-112989b00107" testListId="8c84fa94-04c1-424b-9868-57a2d4851a1d" />
    <TestEntry testId="53f783e0-6618-b324-11e3-662375fb1b64" executionId="adbdbec0-5550-40af-a09c-74f122507f2b" testListId="8c84fa94-04c1-424b-9868-57a2d4851a1d" />
    <TestEntry testId="c47e6e5c-e57e-15b5-aeec-04ac5af9d829" executionId="67d4b947-0459-414b-b2b6-2a117a51846d" testListId="8c84fa94-04c1-424b-9868-57a2d4851a1d" />
    <TestEntry testId="e9432512-eb23-7a7c-b4b1-5c6dba6ac31d" executionId="c152c6e8-7b08-4190-9730-fbe6a5f3cb87" testListId="8c84fa94-04c1-424b-9868-57a2d4851a1d" />
    <TestEntry testId="7fa6e26c-859e-2405-3004-eeb0cfc17977" executionId="0834d9b1-bc1e-4273-b4b3-69224234c0c8" testListId="8c84fa94-04c1-424b-9868-57a2d4851a1d" />
    <TestEntry testId="17eec70a-3791-c993-6d2e-0ddd67d745f0" executionId="53e8a6ca-c56e-4280-81c8-bb33a3a0e8f3" testListId="8c84fa94-04c1-424b-9868-57a2d4851a1d" />
    <TestEntry testId="92190ae1-a9b9-0686-ee19-a50bddd86e78" executionId="fe6e5da6-9e23-42d4-8e2c-68c081bf3cc3" testListId="8c84fa94-04c1-424b-9868-57a2d4851a1d" />
    <TestEntry testId="9c0d3837-f4c3-807a-6c6e-f558c2e97ba9" executionId="bfac58cf-ad48-483b-ae9b-59a0b86ebc23" testListId="8c84fa94-04c1-424b-9868-57a2d4851a1d" />
    <TestEntry testId="9ed3cc46-6859-77b2-1ec8-ae5fe416f0a7" executionId="0efe45ea-d5af-445a-88e4-9059ea96bc94" testListId="8c84fa94-04c1-424b-9868-57a2d4851a1d" />
    <TestEntry testId="2c17f4b8-1e0f-ad93-cfdb-a3df1b817822" executionId="616154c4-30b1-4049-9896-2fd754ffb2fd" testListId="8c84fa94-04c1-424b-9868-57a2d4851a1d" />
  </TestEntries>
  <TestLists>
    <TestList name="Results Not in a List" id="8c84fa94-04c1-424b-9868-57a2d4851a1d" />
    <TestList name="All Loaded Results" id="19431567-8539-422a-85d7-44ee4e166bda" />
  </TestLists>
  <ResultSummary outcome="Completed">
    <Counters total="52" executed="52" passed="52" failed="0" error="0" timeout="0" aborted="0" inconclusive="0" passedButRunAborted="0" notRunnable="0" notExecuted="0" disconnected="0" warning="0" completed="0" inProgress="0" pending="0" />
    <Output>
      <StdOut>[xUnit.net 00:00:00.00] xUnit.net VSTest Adapter v2.4.5+1caef2f33e (64-bit .NET 8.0.21)&#xD;
[xUnit.net 00:00:03.00]   Discovering: Domain.Tests&#xD;
[xUnit.net 00:00:03.04]   Discovered:  Domain.Tests&#xD;
[xUnit.net 00:00:03.04]   Starting:    Domain.Tests&#xD;
[xUnit.net 00:00:03.11]   Finished:    Domain.Tests&#xD;
</StdOut>
    </Output>
  </ResultSummary>
</TestRun>